 hiddevice

 Timestamp is 5bbb015b (Mon Oct  8 15:03:55 2018)

 Preferred load address is 0000000180000000

 Start         Length     Name                   Class
 0001:00000000 00000170H .text$di                CODE
 0001:00000170 00017ac0H .text$mn                CODE
 0001:00017c30 00000020H .text$mn$00             CODE
 0001:00017c50 00000410H .text$x                 CODE
 0001:00018060 000001aaH .text$yd                CODE
 0002:00000000 000004d8H .idata$5                DATA
 0002:000004d8 00000010H .00cfg                  DATA
 0002:000004e8 00000008H .CRT$XCA                DATA
 0002:000004f0 00000038H .CRT$XCU                DATA
 0002:00000528 00000008H .CRT$XCZ                DATA
 0002:00000530 00000008H .CRT$XIA                DATA
 0002:00000538 00000018H .CRT$XIC                DATA
 0002:00000550 00000008H .CRT$XIZ                DATA
 0002:00000558 00000008H .CRT$XPA                DATA
 0002:00000560 00000010H .CRT$XPX                DATA
 0002:00000570 00000008H .CRT$XPXA               DATA
 0002:00000578 00000008H .CRT$XPZ                DATA
 0002:00000580 00000008H .CRT$XTA                DATA
 0002:00000588 00000008H .CRT$XTZ                DATA
 0002:00000590 00000000H .gfids$y                DATA
 0002:00000590 000089c0H .rdata                  DATA
 0002:00008f50 0000037cH .rdata$r                DATA
 0002:000092cc 0000035cH .rdata$zzzdbg           DATA
 0002:00009628 00000008H .rtc$IAA                DATA
 0002:00009630 00000008H .rtc$IZZ                DATA
 0002:00009638 00000008H .rtc$TAA                DATA
 0002:00009640 00000008H .rtc$TZZ                DATA
 0002:00009648 000016a0H .xdata                  DATA
 0002:0000ace8 000001e8H .xdata$x                DATA
 0002:0000aed0 00000238H .edata                  DATA
 0002:0000b108 00000078H .idata$2                DATA
 0002:0000b180 00000018H .idata$3                DATA
 0002:0000b198 000004d8H .idata$4                DATA
 0002:0000b670 00000fccH .idata$6                DATA
 0003:00000000 00000a80H .data                   DATA
 0003:00000a80 00000120H .data$r                 DATA
 0003:00000ba0 00001514H .bss                    DATA
 0004:00000000 00001824H .pdata                  DATA
 0005:00000000 00000060H .rsrc$01                DATA
 0005:00000060 00000180H .rsrc$02                DATA

  Address         Publics by Value              Rva+Base               Lib:Object

 0000:00000000       __hybrid_code_map_count    0000000000000000     <absolute>
 0000:00000000       __hybrid_code_map          0000000000000000     <absolute>
 0000:00000000       __guard_iat_count          0000000000000000     <absolute>
 0000:00000000       __guard_longjmp_count      0000000000000000     <absolute>
 0000:00000000       __guard_longjmp_table      0000000000000000     <absolute>
 0000:00000000       __volatile_metadata        0000000000000000     <absolute>
 0000:00000000       __guard_iat_table          0000000000000000     <absolute>
 0000:00000000       __guard_fids_count         0000000000000000     <absolute>
 0000:00000000       __enclave_config           0000000000000000     <absolute>
 0000:00000000       ___safe_se_handler_count   0000000000000000     <absolute>
 0000:00000000       ___safe_se_handler_table   0000000000000000     <absolute>
 0000:00000000       __guard_fids_table         0000000000000000     <absolute>
 0000:00000000       __hybrid_auxiliary_iat     0000000000000000     <absolute>
 0000:00000000       __dynamic_value_reloc_table 0000000000000000     <absolute>
 0000:00000100       __guard_flags              0000000000000100     <absolute>
 0000:00000000       __ImageBase                0000000180000000     <linker-defined>
 0001:00000170       __local_stdio_printf_options 0000000180001170 f i hiddevice.obj
 0001:00000180       fprintf                    0000000180001180 f i hiddevice.obj
 0001:000001d0       sprintf                    00000001800011d0 f i hiddevice.obj
 0001:00000230       ?NODE_SET_METHOD@node@@YAXV?$Local@VObject@v8@@@v8@@PEBDP6AXAEBV?$FunctionCallbackInfo@VValue@v8@@@3@@Z@Z 0000000180001230 f i hiddevice.obj
 0001:00000310       ?KeyDataCallback@hiddevice@@YAXPEAU_KEYBOARD_KEYDATA@@@Z 0000000180001310 f   hiddevice.obj
 0001:00000520       ?AppCallback@hiddevice@@YAXXZ 0000000180001520 f   hiddevice.obj
 0001:000007b0       ?AppEventAsync@hiddevice@@YAXPEAUuv_work_s@@@Z 00000001800017b0 f   hiddevice.obj
 0001:000007d0       ?AppEventFinished@hiddevice@@YAXPEAUuv_work_s@@@Z 00000001800017d0 f   hiddevice.obj
 0001:00000810       ?CallbackAsync@hiddevice@@YAXPEAUuv_work_s@@@Z 0000000180001810 f   hiddevice.obj
 0001:00000810       _guard_check_icall_nop     0000000180001810 f   LIBCMT:guard_support.obj
 0001:00000820       ?CallbackFinished@hiddevice@@YAXPEAUuv_work_s@@@Z 0000000180001820 f   hiddevice.obj
 0001:000008f0       ?NotifyAsync@hiddevice@@YAXPEAUuv_work_s@@@Z 00000001800018f0 f   hiddevice.obj
 0001:00000910       ?NotifyFinished@hiddevice@@YAXPEAUuv_work_s@@@Z 0000000180001910 f   hiddevice.obj
 0001:00000ad0       ?NotifyHidDevicePNP@hiddevice@@YAXPEAU_DEV_BROADCAST_DEVICEINTERFACE_A@@_N@Z 0000000180001ad0 f   hiddevice.obj
 0001:00000cd0       ?KeyDataAsync@hiddevice@@YAXPEAUuv_work_s@@@Z 0000000180001cd0 f   hiddevice.obj
 0001:00000cf0       ?KeyDataFinished@hiddevice@@YAXPEAUuv_work_s@@@Z 0000000180001cf0 f   hiddevice.obj
 0001:00000d00       ?NotifyKeyData@hiddevice@@YAXPEAU_KEYBOARD_KEYDATA@@@Z 0000000180001d00 f   hiddevice.obj
 0001:00000d70       ?RunDebugCallback@hiddevice@@YAXAEBV?$FunctionCallbackInfo@VValue@v8@@@v8@@@Z 0000000180001d70 f   hiddevice.obj
 0001:00000dd0       ?RunHidCallback@hiddevice@@YAXAEBV?$FunctionCallbackInfo@VValue@v8@@@v8@@@Z 0000000180001dd0 f   hiddevice.obj
 0001:00000e30       ?RunKeyboardDataCallback@hiddevice@@YAXAEBV?$FunctionCallbackInfo@VValue@v8@@@v8@@@Z 0000000180001e30 f   hiddevice.obj
 0001:00000f90       ?HandleAppEvent@hiddevice@@YAXPEAUHWINEVENTHOOK__@@KPEAUHWND__@@JJKK@Z 0000000180001f90 f   hiddevice.obj
 0001:00001020       ?HIDReadThreadFn@hiddevice@@YAXPEAX@Z 0000000180002020 f   hiddevice.obj
 0001:000013b0       ?ReadHidData@hiddevice@@YAXPEAU_DEVICE_READ_DATA@@@Z 00000001800023b0 f   hiddevice.obj
 0001:000015d0       ?RunDeviceDataCallback@hiddevice@@YAXAEBV?$FunctionCallbackInfo@VValue@v8@@@v8@@@Z 00000001800025d0 f   hiddevice.obj
 0001:00001b70       ?OpenDeviceHID@hiddevice@@YAXAEBV?$FunctionCallbackInfo@VValue@v8@@@v8@@@Z 0000000180002b70 f   hiddevice.obj
 0001:00001d70       ?FindDevice@hiddevice@@YAXAEBV?$FunctionCallbackInfo@VValue@v8@@@v8@@@Z 0000000180002d70 f   hiddevice.obj
 0001:000024f0       ?SetFeatureReport@hiddevice@@YAXAEBV?$FunctionCallbackInfo@VValue@v8@@@v8@@@Z 00000001800034f0 f   hiddevice.obj
 0001:00002760       ?GetFeatureReport@hiddevice@@YAXAEBV?$FunctionCallbackInfo@VValue@v8@@@v8@@@Z 0000000180003760 f   hiddevice.obj
 0001:00002b10       ?WirteOutputData@hiddevice@@YAXAEBV?$FunctionCallbackInfo@VValue@v8@@@v8@@@Z 0000000180003b10 f   hiddevice.obj
 0001:00002cd0       ?ForgroundAppEventCallback@hiddevice@@YAXAEBV?$FunctionCallbackInfo@VValue@v8@@@v8@@@Z 0000000180003cd0 f   hiddevice.obj
 0001:00002db0       ?RunVirtualKey@hiddevice@@YAXAEBV?$FunctionCallbackInfo@VValue@v8@@@v8@@@Z 0000000180003db0 f   hiddevice.obj
 0001:00002e90       ?WinProcCallback@hiddevice@@YA_JPEAUHWND__@@I_K_J@Z 0000000180003e90 f   hiddevice.obj
 0001:000030f0       ?ListenerThread@hiddevice@@YAKPEAX@Z 00000001800040f0 f   hiddevice.obj
 0001:00003350       ?StartHidPnpNotify@hiddevice@@YAXAEBV?$FunctionCallbackInfo@VValue@v8@@@v8@@@Z 0000000180004350 f   hiddevice.obj
 0001:000033f0       ?init@hiddevice@@YAXV?$Local@VObject@v8@@@v8@@@Z 00000001800043f0 f   hiddevice.obj
 0001:00003520       ?internal_callback@?$UVQueue@PEAU_DEVICE_READ_DATA@@@@CAXPEAUuv_async_s@@@Z 0000000180004520 f i hiddevice.obj
 0001:000035e0       ?_Growmap@?$deque@PEAU_DEVICE_READ_DATA@@V?$allocator@PEAU_DEVICE_READ_DATA@@@std@@@std@@IEAAX_K@Z 00000001800045e0 f i hiddevice.obj
 0001:000037c0       ?_Xlen@?$deque@PEAU_DEVICE_READ_DATA@@V?$allocator@PEAU_DEVICE_READ_DATA@@@std@@@std@@IEBAXXZ 00000001800047c0 f i hiddevice.obj
 0001:00003870       hid_init                   0000000180004870 f   hidapi:hid.obj
 0001:00003a60       hid_exit                   0000000180004a60 f   hidapi:hid.obj
 0001:00003a90       hid_enumerate              0000000180004a90 f   hidapi:hid.obj
 0001:00003f40       hid_free_enumeration       0000000180004f40 f   hidapi:hid.obj
 0001:00003fa0       hid_open                   0000000180004fa0 f   hidapi:hid.obj
 0001:00004090       hid_open_path              0000000180005090 f   hidapi:hid.obj
 0001:00004240       hid_write                  0000000180005240 f   hidapi:hid.obj
 0001:000043c0       hid_read_timeout           00000001800053c0 f   hidapi:hid.obj
 0001:00004570       hid_read                   0000000180005570 f   hidapi:hid.obj
 0001:00004580       hid_set_nonblocking        0000000180005580 f   hidapi:hid.obj
 0001:00004590       hid_send_feature_report    0000000180005590 f   hidapi:hid.obj
 0001:00004640       hid_get_feature_report     0000000180005640 f   hidapi:hid.obj
 0001:00004770       hid_close                  0000000180005770 f   hidapi:hid.obj
 0001:000047c0       hid_get_manufacturer_string 00000001800057c0 f   hidapi:hid.obj
 0001:00004880       hid_get_product_string     0000000180005880 f   hidapi:hid.obj
 0001:00004940       hid_get_serial_number_string 0000000180005940 f   hidapi:hid.obj
 0001:00004a00       hid_get_indexed_string     0000000180005a00 f   hidapi:hid.obj
 0001:00004ac0       hid_error                  0000000180005ac0 f   hidapi:hid.obj
 0001:00004ac8       ??0bad_alloc@std@@QEAA@AEBV01@@Z 0000000180005ac8 f i libcpmt:xthrow.obj
 0001:00004b08       ??0bad_alloc@std@@QEAA@XZ  0000000180005b08 f i libcpmt:xthrow.obj
 0001:00004b28       ??0exception@std@@QEAA@AEBV01@@Z 0000000180005b28 f i libcpmt:xthrow.obj
 0001:00004b60       ??0length_error@std@@QEAA@AEBV01@@Z 0000000180005b60 f i libcpmt:xthrow.obj
 0001:00004ba0       ??0length_error@std@@QEAA@PEBD@Z 0000000180005ba0 f i libcpmt:xthrow.obj
 0001:00004bec       ??0logic_error@std@@QEAA@AEBV01@@Z 0000000180005bec f i libcpmt:xthrow.obj
 0001:00004c2c       ??1bad_alloc@std@@UEAA@XZ  0000000180005c2c f i libcpmt:xthrow.obj
 0001:00004c2c       ??1length_error@std@@UEAA@XZ 0000000180005c2c f i libcpmt:xthrow.obj
 0001:00004c2c       ??1bad_exception@std@@UEAA@XZ 0000000180005c2c f i libvcruntime:frame.obj
 0001:00004c2c       ??1bad_array_new_length@std@@UEAA@XZ 0000000180005c2c f i LIBCMT:throw_bad_alloc.obj
 0001:00004c40       ??_Ebad_array_new_length@std@@UEAAPEAXI@Z 0000000180005c40 f i LIBCMT:throw_bad_alloc.obj
 0001:00004c40       ??_Ebad_alloc@std@@UEAAPEAXI@Z 0000000180005c40 f i libcpmt:xthrow.obj
 0001:00004c40       ??_Elength_error@std@@UEAAPEAXI@Z 0000000180005c40 f i libcpmt:xthrow.obj
 0001:00004c40       ??_Gbad_alloc@std@@UEAAPEAXI@Z 0000000180005c40 f i libcpmt:xthrow.obj
 0001:00004c40       ??_Gbad_exception@std@@UEAAPEAXI@Z 0000000180005c40 f i libvcruntime:frame.obj
 0001:00004c40       ??_Elogic_error@std@@UEAAPEAXI@Z 0000000180005c40 f i libcpmt:xthrow.obj
 0001:00004c40       ??_Eexception@std@@UEAAPEAXI@Z 0000000180005c40 f i libcpmt:xthrow.obj
 0001:00004c40       ??_Gexception@std@@UEAAPEAXI@Z 0000000180005c40 f i libcpmt:xthrow.obj
 0001:00004c40       ??_Glength_error@std@@UEAAPEAXI@Z 0000000180005c40 f i libcpmt:xthrow.obj
 0001:00004c40       ??_Gbad_array_new_length@std@@UEAAPEAXI@Z 0000000180005c40 f i LIBCMT:throw_bad_alloc.obj
 0001:00004c40       ??_Glogic_error@std@@UEAAPEAXI@Z 0000000180005c40 f i libcpmt:xthrow.obj
 0001:00004c40       ??_Ebad_exception@std@@UEAAPEAXI@Z 0000000180005c40 f i libvcruntime:frame.obj
 0001:00004c84       ?_Xlength_error@std@@YAXPEBD@Z 0000000180005c84 f   libcpmt:xthrow.obj
 0001:00004ca8       ?what@exception@std@@UEBAPEBDXZ 0000000180005ca8 f i libcpmt:xthrow.obj
 0001:00004cd0       __security_check_cookie    0000000180005cd0 f   LIBCMT:_amdsecgs_.obj
 0001:00004cf4       __raise_securityfailure    0000000180005cf4 f   LIBCMT:gs_report.obj
 0001:00004d28       __report_gsfailure         0000000180005d28 f   LIBCMT:gs_report.obj
 0001:00004dfc       __report_rangecheckfailure 0000000180005dfc f   LIBCMT:gs_report.obj
 0001:00004e10       __report_securityfailure   0000000180005e10 f   LIBCMT:gs_report.obj
 0001:00004f90       ??2@YAPEAX_K@Z             0000000180005f90 f   LIBCMT:new_scalar.obj
 0001:00004fcc       __scrt_acquire_startup_lock 0000000180005fcc f   LIBCMT:utility.obj
 0001:00005008       __scrt_dllmain_after_initialize_c 0000000180006008 f   LIBCMT:utility.obj
 0001:0000503c       __scrt_dllmain_before_initialize_c 000000018000603c f   LIBCMT:utility.obj
 0001:00005054       __scrt_dllmain_crt_thread_attach 0000000180006054 f   LIBCMT:utility.obj
 0001:0000507c       __scrt_dllmain_crt_thread_detach 000000018000607c f   LIBCMT:utility.obj
 0001:00005094       __scrt_dllmain_exception_filter 0000000180006094 f   LIBCMT:utility.obj
 0001:000050f4       __scrt_dllmain_uninitialize_c 00000001800060f4 f   LIBCMT:utility.obj
 0001:00005124       __scrt_dllmain_uninitialize_critical 0000000180006124 f   LIBCMT:utility.obj
 0001:00005138       __scrt_initialize_crt      0000000180006138 f   LIBCMT:utility.obj
 0001:00005184       __scrt_initialize_onexit_tables 0000000180006184 f   LIBCMT:utility.obj
 0001:0000525c       __scrt_is_nonwritable_in_current_image 000000018000625c f   LIBCMT:utility.obj
 0001:000052f8       __scrt_release_startup_lock 00000001800062f8 f   LIBCMT:utility.obj
 0001:0000531c       __scrt_uninitialize_crt    000000018000631c f   LIBCMT:utility.obj
 0001:00005348       _onexit                    0000000180006348 f   LIBCMT:utility.obj
 0001:00005398       atexit                     0000000180006398 f   LIBCMT:utility.obj
 0001:000053b0       ??3@YAXPEAX_K@Z            00000001800063b0 f   LIBCMT:delete_scalar_size.obj
 0001:000053b8       ??_U@YAPEAX_K@Z            00000001800063b8 f   LIBCMT:new_array.obj
 0001:000056f0       _DllMainCRTStartup         00000001800066f0 f   LIBCMT:dll_dllmain.obj
 0001:00005730       ??_Etype_info@@UEAAPEAXI@Z 0000000180006730 f i LIBCMT:std_type_info_static.obj
 0001:00005730       ??_Gtype_info@@UEAAPEAXI@Z 0000000180006730 f i LIBCMT:std_type_info_static.obj
 0001:0000575c       ??0bad_array_new_length@std@@QEAA@AEBV01@@Z 000000018000675c f i LIBCMT:throw_bad_alloc.obj
 0001:0000579c       ??0bad_array_new_length@std@@QEAA@XZ 000000018000679c f i LIBCMT:throw_bad_alloc.obj
 0001:000057bc       ?__scrt_throw_std_bad_alloc@@YAXXZ 00000001800067bc f   LIBCMT:throw_bad_alloc.obj
 0001:000057dc       ?__scrt_throw_std_bad_array_new_length@@YAXXZ 00000001800067dc f   LIBCMT:throw_bad_alloc.obj
 0001:000057fc       __isa_available_init       00000001800067fc f   LIBCMT:_cpu_disp_.obj
 0001:000059b8       DllMain                    00000001800069b8 f   LIBCMT:dll_dllmain_stub.obj
 0001:000059b8       _get_startup_argv_mode     00000001800069b8 f   LIBCMT:argv_mode.obj
 0001:000059c0       __scrt_is_ucrt_dll_in_use  00000001800069c0 f   LIBCMT:ucrt_detection.obj
 0001:000059cc       __crt_debugger_hook        00000001800069cc f   LIBCMT:utility_desktop.obj
 0001:000059d4       __scrt_fastfail            00000001800069d4 f   LIBCMT:utility_desktop.obj
 0001:00005b20       ??3@YAXPEAX@Z              0000000180006b20 f   LIBCMT:delete_scalar.obj
 0001:00005b28       __security_init_cookie     0000000180006b28 f   LIBCMT:gs_support.obj
 0001:00005bd4       ?__scrt_initialize_type_info@@YAXXZ 0000000180006bd4 f   LIBCMT:tncleanup.obj
 0001:00005be4       ?__scrt_uninitialize_type_info@@YAXXZ 0000000180006be4 f   LIBCMT:tncleanup.obj
 0001:00005bf0       __local_stdio_scanf_options 0000000180006bf0 f i LIBCMT:default_local_stdio_options.obj
 0001:00005bf8       __scrt_initialize_default_local_stdio_options 0000000180006bf8 f   LIBCMT:default_local_stdio_options.obj
 0001:00005c14       __scrt_get_dyn_tls_init_callback 0000000180006c14 f   LIBCMT:dyn_tls_init.obj
 0001:00005c1c       _RTC_Initialize            0000000180006c1c f   LIBCMT:_initsect_.obj
 0001:00005c58       _RTC_Terminate             0000000180006c58 f   LIBCMT:_initsect_.obj
 0001:00005ca0       ??$_CallSETranslator@V__FrameHandler3@@@@YAHPEAUEHExceptionRecord@@PEA_KPEAU_CONTEXT@@PEAU_xDISPATCHER_CONTEXT@@PEBU_s_FuncInfo@@K1@Z 0000000180006ca0 f i libvcruntime:risctrnsctrl.obj
 0001:00005cf4       ?CatchTryBlock@__FrameHandler3@@SAPEBU_s_TryBlockMapEntry@@PEBU_s_FuncInfo@@H@Z 0000000180006cf4 f   libvcruntime:risctrnsctrl.obj
 0001:00005d4c       ?ExecutionInCatch@__FrameHandler3@@SA_NPEAU_xDISPATCHER_CONTEXT@@PEBU_s_FuncInfo@@@Z 0000000180006d4c f   libvcruntime:risctrnsctrl.obj
 0001:00005d78       ?FrameUnwindToEmptyState@__FrameHandler3@@SAXPEA_KPEAU_xDISPATCHER_CONTEXT@@PEBU_s_FuncInfo@@@Z 0000000180006d78 f   libvcruntime:risctrnsctrl.obj
 0001:00005ddc       ?GetEstablisherFrame@__FrameHandler3@@SAPEA_KPEA_KPEAU_xDISPATCHER_CONTEXT@@PEBU_s_FuncInfo@@0@Z 0000000180006ddc f   libvcruntime:risctrnsctrl.obj
 0001:00005ea8       ?GetRangeOfTrysToCheck@__FrameHandler3@@SA?AU?$pair@Viterator@TryBlockMap@__FrameHandler3@@V123@@std@@AEAVTryBlockMap@1@HH@Z 0000000180006ea8 f   libvcruntime:risctrnsctrl.obj
 0001:00006004       ?UnwindNestedFrames@__FrameHandler3@@SAXPEA_KPEAUEHExceptionRecord@@PEAU_CONTEXT@@0PEAXPEBU_s_FuncInfo@@HHPEBU_s_HandlerType@@PEAU_xDISPATCHER_CONTEXT@@E@Z 0000000180007004 f   libvcruntime:risctrnsctrl.obj
 0001:00006128       _CreateFrameInfo           0000000180007128 f   libvcruntime:risctrnsctrl.obj
 0001:00006164       _FindAndUnlinkFrame        0000000180007164 f   libvcruntime:risctrnsctrl.obj
 0001:000061b8       _GetImageBase              00000001800071b8 f   libvcruntime:risctrnsctrl.obj
 0001:000061cc       _GetThrowImageBase         00000001800071cc f   libvcruntime:risctrnsctrl.obj
 0001:000061e0       _SetImageBase              00000001800071e0 f   libvcruntime:risctrnsctrl.obj
 0001:000061f8       _SetThrowImageBase         00000001800071f8 f   libvcruntime:risctrnsctrl.obj
 0001:00006210       __CxxFrameHandler3         0000000180007210 f   libvcruntime:risctrnsctrl.obj
 0001:00006290       __DestructExceptionObject  0000000180007290 f   libvcruntime:ehhelpers.obj
 0001:00006304       ?_CallMemberFunction0@@YAXQEAX0@Z 0000000180007304 f i libvcruntime:ehhelpers.obj
 0001:00006308       _IsExceptionObjectToBeDestroyed 0000000180007308 f   libvcruntime:ehhelpers.obj
 0001:00006338       __AdjustPointer            0000000180007338 f   libvcruntime:ehhelpers.obj
 0001:0000635c       __FrameUnwindFilter        000000018000735c f   libvcruntime:ehhelpers.obj
 0001:000063a8       __std_terminate            00000001800073a8 f   libvcruntime:ehhelpers.obj
 0001:000063b4       strstr                     00000001800073b4 f   libvcruntime:strstr.obj
 0001:000065b4       __std_exception_copy       00000001800075b4 f   libvcruntime:std_exception.obj
 0001:00006644       __std_exception_destroy    0000000180007644 f   libvcruntime:std_exception.obj
 0001:0000666c       _CxxThrowException         000000018000766c f   libvcruntime:throw.obj
 0001:0000672c       __vcrt_initialize          000000018000772c f   libvcruntime:initialization.obj
 0001:00006760       __vcrt_thread_attach       0000000180007760 f   libvcruntime:initialization.obj
 0001:00006774       __vcrt_thread_detach       0000000180007774 f   libvcruntime:initialization.obj
 0001:00006788       __vcrt_uninitialize        0000000180007788 f   libvcruntime:initialization.obj
 0001:000067a8       __vcrt_uninitialize_critical 00000001800077a8 f   libvcruntime:initialization.obj
 0001:000067b8       __C_specific_handler       00000001800077b8 f   libvcruntime:_riscchandler_.obj
 0001:000069e0       memset_repmovs             00000001800079e0 f   libvcruntime:memset.obj
 0001:00006a00       memset                     0000000180007a00 f   libvcruntime:memset.obj
 0001:00006b90       __std_type_info_compare    0000000180007b90 f   libvcruntime:std_type_info.obj
 0001:00006bb8       __std_type_info_destroy_list 0000000180007bb8 f   libvcruntime:std_type_info.obj
 0001:00006be4       __vcrt_freefls             0000000180007be4 f   libvcruntime:per_thread_data.obj
 0001:00006c04       __vcrt_freeptd             0000000180007c04 f   libvcruntime:per_thread_data.obj
 0001:00006c54       __vcrt_getptd              0000000180007c54 f   libvcruntime:per_thread_data.obj
 0001:00006c70       __vcrt_getptd_noexit       0000000180007c70 f   libvcruntime:per_thread_data.obj
 0001:00006d3c       __vcrt_initialize_ptd      0000000180007d3c f   libvcruntime:per_thread_data.obj
 0001:00006d90       __vcrt_uninitialize_ptd    0000000180007d90 f   libvcruntime:per_thread_data.obj
 0001:00006db4       ?GetCurrentState@__FrameHandler3@@SAHPEA_KPEAU_xDISPATCHER_CONTEXT@@PEBU_s_FuncInfo@@@Z 0000000180007db4 f   libvcruntime:ehstate.obj
 0001:00006ddc       ?GetUnwindTryBlock@__FrameHandler3@@SAHPEA_KPEAU_xDISPATCHER_CONTEXT@@PEBU_s_FuncInfo@@@Z 0000000180007ddc f   libvcruntime:ehstate.obj
 0001:00006e08       ?SetState@__FrameHandler3@@SAXPEA_KPEBU_s_FuncInfo@@H@Z 0000000180007e08 f   libvcruntime:ehstate.obj
 0001:00006e14       ?SetUnwindTryBlock@__FrameHandler3@@SAXPEA_KPEAU_xDISPATCHER_CONTEXT@@PEBU_s_FuncInfo@@H@Z 0000000180007e14 f   libvcruntime:ehstate.obj
 0001:00006e50       ?StateFromControlPc@__FrameHandler3@@SAHPEBU_s_FuncInfo@@PEAU_xDISPATCHER_CONTEXT@@@Z 0000000180007e50 f   libvcruntime:ehstate.obj
 0001:00006e58       ?StateFromIp@__FrameHandler3@@SAHPEBU_s_FuncInfo@@PEAU_xDISPATCHER_CONTEXT@@_K@Z 0000000180007e58 f   libvcruntime:ehstate.obj
 0001:000078e4       ??$TypeMatchHelper@$$CBU_s_HandlerType@@@@YAHPEBU_s_HandlerType@@PEBU_s_CatchableType@@PEBU_s_ThrowInfo@@@Z 00000001800088e4 f i libvcruntime:frame.obj
 0001:00007a28       ??$__InternalCxxFrameHandler@V__FrameHandler3@@@@YA?AW4_EXCEPTION_DISPOSITION@@PEAUEHExceptionRecord@@PEA_KPEAU_CONTEXT@@PEAU_xDISPATCHER_CONTEXT@@PEBU_s_FuncInfo@@H1E@Z 0000000180008a28 f i libvcruntime:frame.obj
 0001:00007c70       ??0bad_exception@std@@QEAA@AEBV01@@Z 0000000180008c70 f i libvcruntime:frame.obj
 0001:00007cb0       ??0bad_exception@std@@QEAA@XZ 0000000180008cb0 f i libvcruntime:frame.obj
 0001:00007cd0       ?CxxCallCatchBlock@__FrameHandler3@@SAPEAXPEAU_EXCEPTION_RECORD@@@Z 0000000180008cd0 f   libvcruntime:frame.obj
 0001:00007f44       ?FrameUnwindToState@__FrameHandler3@@SAXPEA_KPEAU_xDISPATCHER_CONTEXT@@PEBU_s_FuncInfo@@H@Z 0000000180008f44 f   libvcruntime:frame.obj
 0001:000080d8       ?GetHandlerSearchState@__FrameHandler3@@SAHPEA_KPEAU_xDISPATCHER_CONTEXT@@PEBU_s_FuncInfo@@@Z 00000001800090d8 f i libvcruntime:frame.obj
 0001:000082dc       ?_CallMemberFunction1@@YAXQEAX00@Z 00000001800092dc f i libvcruntime:frame.obj
 0001:000082e8       ?_CallMemberFunction2@@YAXQEAX00H@Z 00000001800092e8 f i libvcruntime:frame.obj
 0001:000082f8       __vcrt_initialize_locks    00000001800092f8 f   libvcruntime:locks.obj
 0001:00008340       __vcrt_uninitialize_locks  0000000180009340 f   libvcruntime:locks.obj
 0001:00008550       __vcrt_FlsAlloc            0000000180009550 f   libvcruntime:winapi_downlevel.obj
 0001:00008598       __vcrt_FlsFree             0000000180009598 f   libvcruntime:winapi_downlevel.obj
 0001:000085e0       __vcrt_FlsGetValue         00000001800095e0 f   libvcruntime:winapi_downlevel.obj
 0001:00008628       __vcrt_FlsSetValue         0000000180009628 f   libvcruntime:winapi_downlevel.obj
 0001:0000867c       __vcrt_InitializeCriticalSectionEx 000000018000967c f   libvcruntime:winapi_downlevel.obj
 0001:000086e0       __vcrt_initialize_winapi_thunks 00000001800096e0 f   libvcruntime:winapi_downlevel.obj
 0001:00008710       __vcrt_uninitialize_winapi_thunks 0000000180009710 f   libvcruntime:winapi_downlevel.obj
 0001:00008750       __vcrt_initialize_pure_virtual_call_handler 0000000180009750 f   libvcruntime:purevirt_data.obj
 0001:00008770       _NLG_Notify                0000000180009770 f   libvcruntime:_notify_.obj
 0001:00008790       __NLG_Dispatch2            0000000180009790 f   libvcruntime:_notify_.obj
 0001:000087a0       __NLG_Return2              00000001800097a0 f   libvcruntime:_notify_.obj
 0001:000087a4       __except_validate_context_record 00000001800097a4 f   libvcruntime:jbcxrval.obj
 0001:000087f0       _CallSettingFrame          00000001800097f0 f   libvcruntime:handlers.obj
 0001:00008840       _CallSettingFrameEncoded   0000000180009840 f   libvcruntime:handlers.obj
 0001:000088a0       memcpy_repmovs             00000001800098a0 f   libvcruntime:memcpy.obj
 0001:000088c0       memmove                    00000001800098c0 f   libvcruntime:memcpy.obj
 0001:000088c0       memcpy                     00000001800098c0 f   libvcruntime:memcpy.obj
 0001:00008cf8       __acrt_initialize_stdio    0000000180009cf8 f   libucrt:_file.obj
 0001:00008e18       __acrt_iob_func            0000000180009e18 f   libucrt:_file.obj
 0001:00008e2c       __acrt_uninitialize_stdio  0000000180009e2c f   libucrt:_file.obj
 0001:00008e88       _lock_file                 0000000180009e88 f   libucrt:_file.obj
 0001:00008e94       _unlock_file               0000000180009e94 f   libucrt:_file.obj
 0001:000090ac       ??$ensure_buffer_is_big_enough@D@formatting_buffer@__crt_stdio_output@@QEAA_N_K@Z 000000018000a0ac f i libucrt:output.obj
 0001:00009154       ??$type_case_integer_parse_into_buffer@I@?$output_processor@DV?$string_output_adapter@D@__crt_stdio_output@@V?$standard_base@DV?$string_output_adapter@D@__crt_stdio_output@@@2@@__crt_stdio_output@@AEAAXII_N@Z 000000018000a154 f i libucrt:output.obj
 0001:00009154       ??$type_case_integer_parse_into_buffer@I@?$output_processor@DV?$stream_output_adapter@D@__crt_stdio_output@@V?$standard_base@DV?$stream_output_adapter@D@__crt_stdio_output@@@2@@__crt_stdio_output@@AEAAXII_N@Z 000000018000a154 f i libucrt:output.obj
 0001:000091e4       ??$type_case_integer_parse_into_buffer@_K@?$output_processor@DV?$stream_output_adapter@D@__crt_stdio_output@@V?$standard_base@DV?$stream_output_adapter@D@__crt_stdio_output@@@2@@__crt_stdio_output@@AEAAX_KI_N@Z 000000018000a1e4 f i libucrt:output.obj
 0001:000091e4       ??$type_case_integer_parse_into_buffer@_K@?$output_processor@DV?$string_output_adapter@D@__crt_stdio_output@@V?$standard_base@DV?$string_output_adapter@D@__crt_stdio_output@@@2@@__crt_stdio_output@@AEAAX_KI_N@Z 000000018000a1e4 f i libucrt:output.obj
 0001:00009278       ??$write_multiple_characters@V?$stream_output_adapter@D@__crt_stdio_output@@D@__crt_stdio_output@@YAXAEBV?$stream_output_adapter@D@0@DHQEAH@Z 000000018000a278 f i libucrt:output.obj
 0001:00009304       ??$write_multiple_characters@V?$string_output_adapter@D@__crt_stdio_output@@D@__crt_stdio_output@@YAXAEBV?$string_output_adapter@D@0@DHQEAH@Z 000000018000a304 f i libucrt:output.obj
 0001:0000937c       ??0_LocaleUpdate@@QEAA@QEAU__crt_locale_pointers@@@Z 000000018000a37c f i libucrt:output.obj
 0001:00009548       ?crop_zeroes@__crt_stdio_output@@YAXPEADQEAU__crt_locale_pointers@@@Z 000000018000a548 f i libucrt:output.obj
 0001:000095b4       ?force_decimal_point@__crt_stdio_output@@YAXPEADQEAU__crt_locale_pointers@@@Z 000000018000a5b4 f i libucrt:output.obj
 0001:00009624       ?parse_int_from_format_string@?$output_processor@DV?$stream_output_adapter@D@__crt_stdio_output@@V?$standard_base@DV?$stream_output_adapter@D@__crt_stdio_output@@@2@@__crt_stdio_output@@AEAA_NQEAH@Z 000000018000a624 f i libucrt:output.obj
 0001:00009624       ?parse_int_from_format_string@?$output_processor@DV?$string_output_adapter@D@__crt_stdio_output@@V?$standard_base@DV?$string_output_adapter@D@__crt_stdio_output@@@2@@__crt_stdio_output@@AEAA_NQEAH@Z 000000018000a624 f i libucrt:output.obj
 0001:000096c8       ?process@?$output_processor@DV?$stream_output_adapter@D@__crt_stdio_output@@V?$standard_base@DV?$stream_output_adapter@D@__crt_stdio_output@@@2@@__crt_stdio_output@@QEAAHXZ 000000018000a6c8 f i libucrt:output.obj
 0001:000098e0       ?process@?$output_processor@DV?$string_output_adapter@D@__crt_stdio_output@@V?$standard_base@DV?$string_output_adapter@D@__crt_stdio_output@@@2@@__crt_stdio_output@@QEAAHXZ 000000018000a8e0 f i libucrt:output.obj
 0001:00009aec       ?state_case_normal@?$output_processor@DV?$stream_output_adapter@D@__crt_stdio_output@@V?$standard_base@DV?$stream_output_adapter@D@__crt_stdio_output@@@2@@__crt_stdio_output@@AEAA_NXZ 000000018000aaec f i libucrt:output.obj
 0001:00009b5c       ?state_case_normal@?$output_processor@DV?$string_output_adapter@D@__crt_stdio_output@@V?$standard_base@DV?$string_output_adapter@D@__crt_stdio_output@@@2@@__crt_stdio_output@@AEAA_NXZ 000000018000ab5c f i libucrt:output.obj
 0001:00009bd0       ?state_case_normal_tchar@?$output_processor@DV?$stream_output_adapter@D@__crt_stdio_output@@V?$standard_base@DV?$stream_output_adapter@D@__crt_stdio_output@@@2@@__crt_stdio_output@@AEAA_ND@Z 000000018000abd0 f i libucrt:output.obj
 0001:00009c74       ?state_case_normal_tchar@?$output_processor@DV?$string_output_adapter@D@__crt_stdio_output@@V?$standard_base@DV?$string_output_adapter@D@__crt_stdio_output@@@2@@__crt_stdio_output@@AEAA_ND@Z 000000018000ac74 f i libucrt:output.obj
 0001:00009d1c       ?state_case_size@?$output_processor@DV?$stream_output_adapter@D@__crt_stdio_output@@V?$standard_base@DV?$stream_output_adapter@D@__crt_stdio_output@@@2@@__crt_stdio_output@@AEAA_NXZ 000000018000ad1c f i libucrt:output.obj
 0001:00009e90       ?state_case_size@?$output_processor@DV?$string_output_adapter@D@__crt_stdio_output@@V?$standard_base@DV?$string_output_adapter@D@__crt_stdio_output@@@2@@__crt_stdio_output@@AEAA_NXZ 000000018000ae90 f i libucrt:output.obj
 0001:0000a004       ?state_case_type@?$output_processor@DV?$stream_output_adapter@D@__crt_stdio_output@@V?$standard_base@DV?$stream_output_adapter@D@__crt_stdio_output@@@2@@__crt_stdio_output@@AEAA_NXZ 000000018000b004 f i libucrt:output.obj
 0001:0000a288       ?state_case_type@?$output_processor@DV?$string_output_adapter@D@__crt_stdio_output@@V?$standard_base@DV?$string_output_adapter@D@__crt_stdio_output@@@2@@__crt_stdio_output@@AEAA_NXZ 000000018000b288 f i libucrt:output.obj
 0001:0000a4f0       ?type_case_Z@?$output_processor@DV?$string_output_adapter@D@__crt_stdio_output@@V?$standard_base@DV?$string_output_adapter@D@__crt_stdio_output@@@2@@__crt_stdio_output@@AEAA_NXZ 000000018000b4f0 f i libucrt:output.obj
 0001:0000a4f0       ?type_case_Z@?$output_processor@DV?$stream_output_adapter@D@__crt_stdio_output@@V?$standard_base@DV?$stream_output_adapter@D@__crt_stdio_output@@@2@@__crt_stdio_output@@AEAA_NXZ 000000018000b4f0 f i libucrt:output.obj
 0001:0000a568       ?type_case_a@?$output_processor@DV?$stream_output_adapter@D@__crt_stdio_output@@V?$standard_base@DV?$stream_output_adapter@D@__crt_stdio_output@@@2@@__crt_stdio_output@@AEAA_NXZ 000000018000b568 f i libucrt:output.obj
 0001:0000a568       ?type_case_a@?$output_processor@DV?$string_output_adapter@D@__crt_stdio_output@@V?$standard_base@DV?$string_output_adapter@D@__crt_stdio_output@@@2@@__crt_stdio_output@@AEAA_NXZ 000000018000b568 f i libucrt:output.obj
 0001:0000a724       ?type_case_c_tchar@?$output_processor@DV?$stream_output_adapter@D@__crt_stdio_output@@V?$standard_base@DV?$stream_output_adapter@D@__crt_stdio_output@@@2@@__crt_stdio_output@@AEAA_ND@Z 000000018000b724 f i libucrt:output.obj
 0001:0000a724       ?type_case_c_tchar@?$output_processor@DV?$string_output_adapter@D@__crt_stdio_output@@V?$standard_base@DV?$string_output_adapter@D@__crt_stdio_output@@@2@@__crt_stdio_output@@AEAA_ND@Z 000000018000b724 f i libucrt:output.obj
 0001:0000a7e0       ?type_case_integer@?$output_processor@DV?$string_output_adapter@D@__crt_stdio_output@@V?$standard_base@DV?$string_output_adapter@D@__crt_stdio_output@@@2@@__crt_stdio_output@@AEAA_NI_N@Z 000000018000b7e0 f i libucrt:output.obj
 0001:0000a7e0       ?type_case_integer@?$output_processor@DV?$stream_output_adapter@D@__crt_stdio_output@@V?$standard_base@DV?$stream_output_adapter@D@__crt_stdio_output@@@2@@__crt_stdio_output@@AEAA_NI_N@Z 000000018000b7e0 f i libucrt:output.obj
 0001:0000a9a8       ?type_case_n@?$output_processor@DV?$stream_output_adapter@D@__crt_stdio_output@@V?$standard_base@DV?$stream_output_adapter@D@__crt_stdio_output@@@2@@__crt_stdio_output@@AEAA_NXZ 000000018000b9a8 f i libucrt:output.obj
 0001:0000a9a8       ?type_case_n@?$output_processor@DV?$string_output_adapter@D@__crt_stdio_output@@V?$standard_base@DV?$string_output_adapter@D@__crt_stdio_output@@@2@@__crt_stdio_output@@AEAA_NXZ 000000018000b9a8 f i libucrt:output.obj
 0001:0000aa84       ?type_case_s@?$output_processor@DV?$stream_output_adapter@D@__crt_stdio_output@@V?$standard_base@DV?$stream_output_adapter@D@__crt_stdio_output@@@2@@__crt_stdio_output@@AEAA_NXZ 000000018000ba84 f i libucrt:output.obj
 0001:0000aa84       ?type_case_s@?$output_processor@DV?$string_output_adapter@D@__crt_stdio_output@@V?$standard_base@DV?$string_output_adapter@D@__crt_stdio_output@@@2@@__crt_stdio_output@@AEAA_NXZ 000000018000ba84 f i libucrt:output.obj
 0001:0000ab1c       ?validate_stream_is_ansi_if_required@?$__acrt_stdio_char_traits@D@@SA_NQEAU_iobuf@@@Z 000000018000bb1c f i libucrt:output.obj
 0001:0000abb8       ?write_stored_string_tchar@?$output_processor@DV?$stream_output_adapter@D@__crt_stdio_output@@V?$standard_base@DV?$stream_output_adapter@D@__crt_stdio_output@@@2@@__crt_stdio_output@@AEAA_ND@Z 000000018000bbb8 f i libucrt:output.obj
 0001:0000acdc       ?write_stored_string_tchar@?$output_processor@DV?$string_output_adapter@D@__crt_stdio_output@@V?$standard_base@DV?$string_output_adapter@D@__crt_stdio_output@@@2@@__crt_stdio_output@@AEAA_ND@Z 000000018000bcdc f i libucrt:output.obj
 0001:0000adb4       ?write_string@?$string_output_adapter@D@__crt_stdio_output@@QEBAXQEBDHQEAHAEAV__crt_deferred_errno_cache@@@Z 000000018000bdb4 f i libucrt:output.obj
 0001:0000ae58       ?write_string_impl@?$output_adapter_common@DV?$stream_output_adapter@D@__crt_stdio_output@@@__crt_stdio_output@@IEBAXQEBDHQEAHAEAV__crt_deferred_errno_cache@@@Z 000000018000be58 f i libucrt:output.obj
 0001:0000af50       __stdio_common_vfprintf    000000018000bf50 f   libucrt:output.obj
 0001:0000afdc       __stdio_common_vsprintf    000000018000bfdc f   libucrt:output.obj
 0001:0000b000       strncpy                    000000018000c000 f   libucrt:strncpy.obj
 0001:0000b164       ??$parse_integer@KV?$c_string_character_source@D@__crt_strtox@@@__crt_strtox@@YAKQEAU__crt_locale_pointers@@V?$c_string_character_source@D@0@H_N@Z 000000018000c164 f i libucrt:strtox.obj
 0001:0000b4a0       strtol                     000000018000c4a0 f   libucrt:strtox.obj
 0001:0000b4cc       __acrt_call_reportfault    000000018000c4cc f   libucrt:invalid_parameter.obj
 0001:0000b628       __acrt_initialize_invalid_parameter_handler 000000018000c628 f   libucrt:invalid_parameter.obj
 0001:0000b630       _invalid_parameter         000000018000c630 f   libucrt:invalid_parameter.obj
 0001:0000b6e0       _invalid_parameter_noinfo  000000018000c6e0 f   libucrt:invalid_parameter.obj
 0001:0000b700       _invalid_parameter_noinfo_noreturn 000000018000c700 f   libucrt:invalid_parameter.obj
 0001:0000b730       _invoke_watson             000000018000c730 f   libucrt:invalid_parameter.obj
 0001:0000b778       calloc                     000000018000c778 f   libucrt:calloc.obj
 0001:0000b780       _wcsdup                    000000018000c780 f   libucrt:wcsdup.obj
 0001:0000b804       free                       000000018000c804 f   libucrt:free.obj
 0001:0000b818       malloc                     000000018000c818 f   libucrt:malloc.obj
 0001:0000b820       __acrt_initialize_new_handler 000000018000c820 f   libucrt:new_handler.obj
 0001:0000b828       _callnewh                  000000018000c828 f   libucrt:new_handler.obj
 0001:0000b858       _query_new_handler         000000018000c858 f   libucrt:new_handler.obj
 0001:0000b88c       _seh_filter_dll            000000018000c88c f   libucrt:exception_filter.obj
 0001:0000b8a0       _seh_filter_exe            000000018000c8a0 f   libucrt:exception_filter.obj
 0001:0000bc90       __acrt_initialize_thread_local_exit_callback 000000018000cc90 f   libucrt:exit.obj
 0001:0000bc98       _cexit                     000000018000cc98 f   libucrt:exit.obj
 0001:0000bca8       _exit                      000000018000cca8 f   libucrt:exit.obj
 0001:0000bcb4       _is_c_termination_complete 000000018000ccb4 f   libucrt:exit.obj
 0001:0000be80       __acrt_allocate_buffer_for_argv 000000018000ce80 f   libucrt:argv_parsing.obj
 0001:0000bee0       _configure_narrow_argv     000000018000cee0 f   libucrt:argv_parsing.obj
 0001:0000c258       __dcrt_uninitialize_environments_nolock 000000018000d258 f   libucrt:environment_initialization.obj
 0001:0000c290       _initialize_narrow_environment 000000018000d290 f   libucrt:environment_initialization.obj
 0001:0000c5d8       _crt_atexit                000000018000d5d8 f   libucrt:onexit.obj
 0001:0000c5e8       _execute_onexit_table      000000018000d5e8 f   libucrt:onexit.obj
 0001:0000c624       _initialize_onexit_table   000000018000d624 f   libucrt:onexit.obj
 0001:0000c64c       _register_onexit_function  000000018000d64c f   libucrt:onexit.obj
 0001:0000c6cc       __acrt_uninitialize_command_line 000000018000d6cc f   libucrt:argv_data.obj
 0001:0000c7c4       __acrt_initialize          000000018000d7c4 f   libucrt:initialization.obj
 0001:0000c7d8       __acrt_thread_attach       000000018000d7d8 f   libucrt:initialization.obj
 0001:0000c7ec       __acrt_thread_detach       000000018000d7ec f   libucrt:initialization.obj
 0001:0000c7fc       __acrt_uninitialize        000000018000d7fc f   libucrt:initialization.obj
 0001:0000c834       __acrt_uninitialize_critical 000000018000d834 f   libucrt:initialization.obj
 0001:0000c844       _initterm                  000000018000d844 f   libucrt:initterm.obj
 0001:0000c8a8       _initterm_e                000000018000d8a8 f   libucrt:initterm.obj
 0001:0000c8e8       terminate                  000000018000d8e8 f   libucrt:terminate.obj
 0001:0000c908       strcpy_s                   000000018000d908 f   libucrt:strcpy_s.obj
 0001:0000c968       abort                      000000018000d968 f   libucrt:abort.obj
 0001:0000c9c0       wcsncmp                    000000018000d9c0 f   libucrt:wcsncmp.obj
 0001:0000ca00       strncmp                    000000018000da00 f   libucrt:strncmp.obj
 0001:0000ca80       __acrt_errno_from_os_error 000000018000da80 f   libucrt:errno.obj
 0001:0000cac8       __acrt_errno_map_os_error  000000018000dac8 f   libucrt:errno.obj
 0001:0000cb18       __doserrno                 000000018000db18 f   libucrt:errno.obj
 0001:0000cb38       _errno                     000000018000db38 f   libucrt:errno.obj
 0001:0000cb58       _calloc_base               000000018000db58 f   libucrt:calloc_base.obj
 0001:0000cbd0       _free_base                 000000018000dbd0 f   libucrt:free_base.obj
 0001:0000cde8       __acrt_AppPolicyGetProcessTerminationMethodInternal 000000018000dde8 f   libucrt:winapi_thunks.obj
 0001:0000ce38       __acrt_AreFileApisANSI     000000018000de38 f   libucrt:winapi_thunks.obj
 0001:0000ce74       __acrt_FlsAlloc            000000018000de74 f   libucrt:winapi_thunks.obj
 0001:0000cebc       __acrt_FlsFree             000000018000debc f   libucrt:winapi_thunks.obj
 0001:0000cf04       __acrt_FlsGetValue         000000018000df04 f   libucrt:winapi_thunks.obj
 0001:0000cf4c       __acrt_FlsSetValue         000000018000df4c f   libucrt:winapi_thunks.obj
 0001:0000cfa0       __acrt_InitializeCriticalSectionEx 000000018000dfa0 f   libucrt:winapi_thunks.obj
 0001:0000d004       __acrt_LCMapStringEx       000000018000e004 f   libucrt:winapi_thunks.obj
 0001:0000d0e0       __acrt_LocaleNameToLCID    000000018000e0e0 f   libucrt:winapi_thunks.obj
 0001:0000d130       __acrt_initialize_winapi_thunks 000000018000e130 f   libucrt:winapi_thunks.obj
 0001:0000d164       __acrt_uninitialize_winapi_thunks 000000018000e164 f   libucrt:winapi_thunks.obj
 0001:0000d1a8       _fcloseall                 000000018000e1a8 f   libucrt:closeall.obj
 0001:0000d438       __acrt_stdio_flush_nolock  000000018000e438 f   libucrt:fflush.obj
 0001:0000d4b4       _fflush_nolock             000000018000e4b4 f   libucrt:fflush.obj
 0001:0000d500       _flushall                  000000018000e500 f   libucrt:fflush.obj
 0001:0000d508       __acrt_stdio_free_buffer_nolock 000000018000e508 f   libucrt:_freebuf.obj
 0001:0000d744       __acrt_initialize_lowio    000000018000e744 f   libucrt:ioinit.obj
 0001:0000d780       __acrt_uninitialize_lowio  000000018000e780 f   libucrt:ioinit.obj
 0001:0000d7c0       isdigit                    000000018000e7c0 f i libucrt:_ctype.obj
 0001:0000d8b4       _tolower_l                 000000018000e8b4 f   libucrt:tolower_toupper.obj
 0001:0000d9f4       tolower                    000000018000e9f4 f   libucrt:tolower_toupper.obj
 0001:0000da20       _malloc_base               000000018000ea20 f   libucrt:malloc_base.obj
 0001:0000da80       _mbtowc_l                  000000018000ea80 f   libucrt:mbtowc.obj
 0001:0000dbfc       mbtowc                     000000018000ebfc f   libucrt:mbtowc.obj
 0001:0000dc04       _wctomb_s_l                000000018000ec04 f   libucrt:wctomb.obj
 0001:0000dda4       wctomb_s                   000000018000eda4 f   libucrt:wctomb.obj
 0001:0000ddb8       strnlen                    000000018000edb8 f   libucrt:strnlen.obj
 0001:0000df08       wcsnlen                    000000018000ef08 f   libucrt:strnlen.obj
 0001:0000e458       __acrt_freeptd             000000018000f458 f   libucrt:per_thread_data.obj
 0001:0000e49c       __acrt_getptd              000000018000f49c f   libucrt:per_thread_data.obj
 0001:0000e570       __acrt_getptd_head         000000018000f570 f   libucrt:per_thread_data.obj
 0001:0000e618       __acrt_getptd_noexit       000000018000f618 f   libucrt:per_thread_data.obj
 0001:0000e6e4       __acrt_initialize_ptd      000000018000f6e4 f   libucrt:per_thread_data.obj
 0001:0000e720       __acrt_uninitialize_ptd    000000018000f720 f   libucrt:per_thread_data.obj
 0001:0000e744       __acrt_update_locale_info  000000018000f744 f   libucrt:locale_update.obj
 0001:0000e778       __acrt_update_multibyte_info 000000018000f778 f   libucrt:locale_update.obj
 0001:0000f180       __acrt_fp_format           0000000180010180 f   libucrt:cvt.obj
 0001:0000f408       _fileno                    0000000180010408 f   libucrt:fileno.obj
 0001:0000f430       _fputc_nolock              0000000180010430 f   libucrt:fputc.obj
 0001:0000f448       _get_printf_count_output   0000000180010448 f   libucrt:printf_count_output.obj
 0001:0000f460       __acrt_stdio_begin_temporary_buffering_nolock 0000000180010460 f   libucrt:_sftbuf.obj
 0001:0000f530       __acrt_stdio_end_temporary_buffering_nolock 0000000180010530 f   libucrt:_sftbuf.obj
 0001:0000f5dc       __acrt_set_locale_changed  00000001800105dc f   libucrt:wsetlocale.obj
 0001:0000f5e8       __acrt_uninitialize_locale 00000001800105e8 f   libucrt:wsetlocale.obj
 0001:0000f618       __pctype_func              0000000180010618 f   libucrt:ctype.obj
 0001:0000f648       _isctype_l                 0000000180010648 f   libucrt:isctype.obj
 0001:0000f758       wcscpy_s                   0000000180010758 f   libucrt:wcscpy_s.obj
 0001:0000f7c0       __acrt_initialize_locks    00000001800107c0 f   libucrt:locks.obj
 0001:0000f808       __acrt_lock                0000000180010808 f   libucrt:locks.obj
 0001:0000f824       __acrt_uninitialize_locks  0000000180010824 f   libucrt:locks.obj
 0001:0000f85c       __acrt_unlock              000000018001085c f   libucrt:locks.obj
 0001:0000f878       __acrt_get_process_end_policy 0000000180010878 f   libucrt:win_policies.obj
 0001:0000f8c8       ??$__acrt_mbs_to_wcs_cp@U__crt_win32_buffer_internal_dynamic_resizing@@@@YAHQEBDAEAV?$__crt_win32_buffer@_WU__crt_win32_buffer_internal_dynamic_resizing@@@@I@Z 00000001800108c8 f i libucrt:argv_wildcards.obj
 0001:0000fa40       ??$__acrt_wcs_to_mbs_cp@U__crt_win32_buffer_internal_dynamic_resizing@@@@YAHQEB_WAEAV?$__crt_win32_buffer@DU__crt_win32_buffer_internal_dynamic_resizing@@@@I@Z 0000000180010a40 f i libucrt:argv_wildcards.obj
 0001:00010270       __acrt_expand_narrow_argv_wildcards 0000000180011270 f   libucrt:argv_wildcards.obj
 0001:00010278       ??$__acrt_wcs_to_mbs_cp@U__crt_win32_buffer_no_resizing@@@@YAHQEB_WAEAV?$__crt_win32_buffer@DU__crt_win32_buffer_no_resizing@@@@I@Z 0000000180011278 f i libucrt:getmodulefilenamea.obj
 0001:0001038c       __acrt_GetModuleFileNameA  000000018001138c f   libucrt:getmodulefilenamea.obj
 0001:00010bd8       __acrt_initialize_multibyte 0000000180011bd8 f   libucrt:mbctype.obj
 0001:00010c38       __acrt_update_thread_multibyte_data 0000000180011c38 f   libucrt:mbctype.obj
 0001:00010c54       _setmbcp_nolock            0000000180011c54 f   libucrt:mbctype.obj
 0001:00010f88       _ismbblead                 0000000180011f88 f   libucrt:ismbbyte.obj
 0001:00010f9c       __acrt_initialize_command_line 0000000180011f9c f   libucrt:argv_data.obj
 0001:00010fc4       __acrt_MultiByteToWideChar 0000000180011fc4 f   libucrt:multibytetowidechar.obj
 0001:00011020       __acrt_WideCharToMultiByte 0000000180012020 f   libucrt:widechartomultibyte.obj
 0001:000110b8       __dcrt_get_narrow_environment_from_os 00000001800120b8 f   libucrt:get_environment_from_os.obj
 0001:000111bc       _recalloc_base             00000001800121bc f   libucrt:recalloc.obj
 0001:00011254       __acrt_initialize_heap     0000000180012254 f   libucrt:heap_handle.obj
 0001:00011270       __acrt_uninitialize_heap   0000000180012270 f   libucrt:heap_handle.obj
 0001:0001127c       __acrt_execute_initializers 000000018001227c f   libucrt:shared_initialization.obj
 0001:000112fc       __acrt_execute_uninitializers 00000001800122fc f   libucrt:shared_initialization.obj
 0001:00011380       __acrt_get_sigabrt_handler 0000000180012380 f   libucrt:signal.obj
 0001:000113b0       __acrt_initialize_signal_handlers 00000001800123b0 f   libucrt:signal.obj
 0001:000113d0       raise                      00000001800123d0 f   libucrt:signal.obj
 0001:0001163c       __acrt_has_user_matherr    000000018001263c f   libucrt:matherr.obj
 0001:0001165c       __acrt_initialize_user_matherr 000000018001265c f   libucrt:matherr.obj
 0001:00011664       __acrt_invoke_user_matherr 0000000180012664 f   libucrt:matherr.obj
 0001:00011694       _query_new_mode            0000000180012694 f   libucrt:new_mode.obj
 0001:00011784       __acrt_DownlevelLocaleNameToLCID 0000000180012784 f   libucrt:lcidtoname_downlevel.obj
 0001:000117b8       _fclose_nolock             00000001800127b8 f   libucrt:fclose.obj
 0001:0001183c       fclose                     000000018001283c f   libucrt:fclose.obj
 0001:0001192c       _commit                    000000018001292c f   libucrt:commit.obj
 0001:0001222c       _write                     000000018001322c f   libucrt:write.obj
 0001:00012318       _write_nolock              0000000180013318 f   libucrt:write.obj
 0001:000125f4       __acrt_lowio_create_handle_array 00000001800135f4 f   libucrt:osfinfo.obj
 0001:0001269c       __acrt_lowio_destroy_handle_array 000000018001369c f   libucrt:osfinfo.obj
 0001:000126ec       __acrt_lowio_ensure_fh_exists 00000001800136ec f   libucrt:osfinfo.obj
 0001:00012794       __acrt_lowio_lock_fh       0000000180013794 f   libucrt:osfinfo.obj
 0001:000127bc       __acrt_lowio_unlock_fh     00000001800137bc f   libucrt:osfinfo.obj
 0001:000127e4       _free_osfhnd               00000001800137e4 f   libucrt:osfinfo.obj
 0001:000128a0       _get_osfhandle             00000001800138a0 f   libucrt:osfinfo.obj
 0001:00012918       _isleadbyte_l              0000000180013918 f i libucrt:_wctype.obj
 0001:00012c7c       __acrt_LCMapStringA        0000000180013c7c f   libucrt:lcmapstringa.obj
 0001:00012d14       ?__mbrtowc_utf8@__crt_mbstring@@YA_KPEA_WPEBD_KPEAU_Mbstatet@@@Z 0000000180013d14 f   libucrt:mbrtowc.obj
 0001:00012d50       ?__mbsrtowcs_utf8@__crt_mbstring@@YA_KPEA_WPEAPEBD_KPEAU_Mbstatet@@@Z 0000000180013d50 f   libucrt:mbrtowc.obj
 0001:00012ec8       ?__c32rtomb_utf8@__crt_mbstring@@YA_KPEAD_UPEAU_Mbstatet@@@Z 0000000180013ec8 f   libucrt:c32rtomb.obj
 0001:00012f80       __acrt_add_locale_ref      0000000180013f80 f   libucrt:locale_refcounting.obj
 0001:0001300c       __acrt_free_locale         000000018001400c f   libucrt:locale_refcounting.obj
 0001:00013184       __acrt_locale_add_lc_time_reference 0000000180014184 f   libucrt:locale_refcounting.obj
 0001:000131ac       __acrt_locale_free_lc_time_if_unreferenced 00000001800141ac f   libucrt:locale_refcounting.obj
 0001:000131e4       __acrt_locale_release_lc_time_reference 00000001800141e4 f   libucrt:locale_refcounting.obj
 0001:0001320c       __acrt_release_locale_ref  000000018001420c f   libucrt:locale_refcounting.obj
 0001:000132b4       __acrt_update_thread_locale_data 00000001800142b4 f   libucrt:locale_refcounting.obj
 0001:00013324       _updatetlocinfoEx_nolock   0000000180014324 f   libucrt:locale_refcounting.obj
 0001:0001338c       __acrt_fp_strflt_to_string 000000018001438c f   libucrt:_fptostr.obj
 0001:00013470       ?divide@__crt_strtox@@YA_KAEAUbig_integer@1@AEBU21@@Z 0000000180014470 f i libucrt:cfout.obj
 0001:0001389c       __acrt_fltout              000000018001489c f   libucrt:cfout.obj
 0001:00014cb4       __acrt_stdio_flush_and_write_narrow_nolock 0000000180015cb4 f   libucrt:_flsbuf.obj
 0001:00014da0       _isatty                    0000000180015da0 f   libucrt:isatty.obj
 0001:00014e00       __acrt_locale_free_monetary 0000000180015e00 f   libucrt:initmon.obj
 0001:00014f0c       __acrt_locale_free_numeric 0000000180015f0c f   libucrt:initnum.obj
 0001:00014fd0       __acrt_locale_free_time    0000000180015fd0 f   libucrt:inittime.obj
 0001:000150d8       __acrt_GetStringTypeA      00000001800160d8 f   libucrt:getstringtypea.obj
 0001:00015270       qsort                      0000000180016270 f   libucrt:qsort.obj
 0001:00015630       strncpy_s                  0000000180016630 f   libucrt:strncpy_s.obj
 0001:000157b0       strpbrk                    00000001800167b0 f   libucrt:strpbrk.obj
 0001:00015b90       _mbsdec                    0000000180016b90 f   libucrt:mbsdec.obj
 0001:00015b98       _mbsdec_l                  0000000180016b98 f   libucrt:mbsdec.obj
 0001:00015c44       _msize_base                0000000180016c44 f   libucrt:msize.obj
 0001:00015c80       _realloc_base              0000000180016c80 f   libucrt:realloc_base.obj
 0001:00015d70       _close                     0000000180016d70 f   libucrt:close.obj
 0001:00015e14       _close_nolock              0000000180016e14 f   libucrt:close.obj
 0001:00015ed4       ?__acrt_stdio_free_stream@@YAXV__crt_stdio_stream@@@Z 0000000180016ed4 f   libucrt:stream.obj
 0001:0001607c       _lseeki64                  000000018001707c f   libucrt:lseek.obj
 0001:00016084       _lseeki64_nolock           0000000180017084 f   libucrt:lseek.obj
 0001:0001608c       _putwch_nolock             000000018001708c f   libucrt:putwch.obj
 0001:000160c8       _query_app_type            00000001800170c8 f   libucrt:report_runtime_error.obj
 0001:000160d0       __strncnt                  00000001800170d0 f   libucrt:strncnt.obj
 0001:000160e8       ?__mbrtoc32_utf8@__crt_mbstring@@YA_KPEA_UPEBD_KPEAU_Mbstatet@@@Z 00000001800170e8 f   libucrt:mbrtoc32.obj
 0001:000162c4       fegetenv                   00000001800172c4 f   libucrt:fegetenv.obj
 0001:000162e4       fesetenv                   00000001800172e4 f   libucrt:fesetenv.obj
 0001:00016334       feholdexcept               0000000180017334 f   libucrt:feholdexcept.obj
 0001:00016384       ceil                       0000000180017384 f   libucrt:ceil.obj
 0001:00016450       log10                      0000000180017450 f   libucrt:log10.obj
 0001:000169fc       __acrt_stdio_allocate_buffer_nolock 00000001800179fc f   libucrt:_getbuf.obj
 0001:00016a64       __dcrt_lowio_ensure_console_output_initialized 0000000180017a64 f   libucrt:initcon.obj
 0001:00016ab8       __dcrt_terminate_console_output 0000000180017ab8 f   libucrt:initcon.obj
 0001:00016ad4       __dcrt_write_console       0000000180017ad4 f   libucrt:initcon.obj
 0001:00016b94       __acrt_fenv_get_control    0000000180017b94 f   libucrt:_fenvutils.obj
 0001:00016c88       __acrt_fenv_get_status     0000000180017c88 f   libucrt:_fenvutils.obj
 0001:00016cdc       __acrt_fenv_set_control    0000000180017cdc f   libucrt:_fenvutils.obj
 0001:00016e24       __acrt_fenv_set_status     0000000180017e24 f   libucrt:_fenvutils.obj
 0001:00016ea8       _clearfp                   0000000180017ea8 f   libucrt:ieee.obj
 0001:0001703c       _handle_error              000000018001803c f   libucrt:libm_error.obj
 0001:00017164       _handle_nan                0000000180018164 f   libucrt:libm_error.obj
 0001:00017180       __acrt_initialize_fma3     0000000180018180 f   libucrt:fma3_available.obj
 0001:000171f0       _log10_special             00000001800181f0 f   libucrt:log_special.obj
 0001:000172c0       _get_fpsr                  00000001800182c0 f   libucrt:fpsr.obj
 0001:000172d0       _set_fpsr                  00000001800182d0 f   libucrt:fpsr.obj
 0001:000172da       _fclrf                     00000001800182da f   libucrt:fpsr.obj
 0001:000172ee       _frnd                      00000001800182ee f   libucrt:fpsr.obj
 0001:00017310       _raise_exc                 0000000180018310 f   libucrt:fpexcept.obj
 0001:00017338       _raise_exc_ex              0000000180018338 f   libucrt:fpexcept.obj
 0001:00017648       _set_errno_from_matherr    0000000180018648 f   libucrt:fpexcept.obj
 0001:00017678       _clrfp                     0000000180018678 f   libucrt:fpctrl.obj
 0001:00017698       _ctrlfp                    0000000180018698 f   libucrt:fpctrl.obj
 0001:00017714       _set_statfp                0000000180018714 f   libucrt:fpctrl.obj
 0001:00017734       _statfp                    0000000180018734 f   libucrt:fpctrl.obj
 0001:00017745       IsProcessorFeaturePresent  0000000180018745 f   kernel32:KERNEL32.dll
 0001:0001774c       __GSHandlerCheck           000000018001874c f   LIBCMT:_gshandler_.obj
 0001:0001776c       __GSHandlerCheckCommon     000000018001876c f   LIBCMT:_gshandler_.obj
 0001:000177d0       _FindPESection             00000001800187d0 f   LIBCMT:pesect.obj
 0001:00017820       _IsNonwritableInCurrentImage 0000000180018820 f   LIBCMT:pesect.obj
 0001:00017870       _ValidateImageBase         0000000180018870 f   LIBCMT:pesect.obj
 0001:000178b0       _alloca_probe              00000001800188b0 f   LIBCMT:_chkstk_.obj
 0001:000178b0       __chkstk                   00000001800188b0 f   LIBCMT:_chkstk_.obj
 0001:00017904       strrchr                    0000000180018904 f   libvcruntime:strrchr.obj
 0001:00017a60       memcmp                     0000000180018a60 f   libvcruntime:memcmp.obj
 0001:00017b28       __GSHandlerCheck_EH        0000000180018b28 f   LIBCMT:gshandlereh.obj
 0001:00017bc0       strcmp                     0000000180018bc0 f   libucrt:strcmp.obj
 0001:00017c40       _guard_dispatch_icall_nop  0000000180018c40 f   LIBCMT:_guard_dispatch_.obj
 0002:00000000       __imp_CreateFileA          000000018001a000     kernel32:KERNEL32.dll
 0002:00000008       __imp_WriteConsoleW        000000018001a008     kernel32:KERNEL32.dll
 0002:00000010       __imp_CreateFileW          000000018001a010     kernel32:KERNEL32.dll
 0002:00000018       __imp_WaitForSingleObject  000000018001a018     kernel32:KERNEL32.dll
 0002:00000020       __imp_GetModuleHandleA     000000018001a020     kernel32:KERNEL32.dll
 0002:00000028       __imp_OpenProcess          000000018001a028     kernel32:KERNEL32.dll
 0002:00000030       __imp_Sleep                000000018001a030     kernel32:KERNEL32.dll
 0002:00000038       __imp_K32GetModuleFileNameExA 000000018001a038     kernel32:KERNEL32.dll
 0002:00000040       __imp_SetEvent             000000018001a040     kernel32:KERNEL32.dll
 0002:00000048       __imp_CreateThread         000000018001a048     kernel32:KERNEL32.dll
 0002:00000050       __imp_LocalFree            000000018001a050     kernel32:KERNEL32.dll
 0002:00000058       __imp_K32EnumProcessModules 000000018001a058     kernel32:KERNEL32.dll
 0002:00000060       __imp_CreateEventA         000000018001a060     kernel32:KERNEL32.dll
 0002:00000068       __imp_HeapReAlloc          000000018001a068     kernel32:KERNEL32.dll
 0002:00000070       __imp_HeapSize             000000018001a070     kernel32:KERNEL32.dll
 0002:00000078       __imp_GetStringTypeW       000000018001a078     kernel32:KERNEL32.dll
 0002:00000080       __imp_SetFilePointerEx     000000018001a080     kernel32:KERNEL32.dll
 0002:00000088       __imp_GetFileSizeEx        000000018001a088     kernel32:KERNEL32.dll
 0002:00000090       __imp_SetStdHandle         000000018001a090     kernel32:KERNEL32.dll
 0002:00000098       __imp_GetConsoleMode       000000018001a098     kernel32:KERNEL32.dll
 0002:000000a0       __imp_GetConsoleCP         000000018001a0a0     kernel32:KERNEL32.dll
 0002:000000a8       __imp_FlushFileBuffers     000000018001a0a8     kernel32:KERNEL32.dll
 0002:000000b0       __imp_GetProcessHeap       000000018001a0b0     kernel32:KERNEL32.dll
 0002:000000b8       __imp_FreeEnvironmentStringsW 000000018001a0b8     kernel32:KERNEL32.dll
 0002:000000c0       __imp_GetEnvironmentStringsW 000000018001a0c0     kernel32:KERNEL32.dll
 0002:000000c8       __imp_WideCharToMultiByte  000000018001a0c8     kernel32:KERNEL32.dll
 0002:000000d0       __imp_MultiByteToWideChar  000000018001a0d0     kernel32:KERNEL32.dll
 0002:000000d8       __imp_GetCommandLineW      000000018001a0d8     kernel32:KERNEL32.dll
 0002:000000e0       __imp_GetCommandLineA      000000018001a0e0     kernel32:KERNEL32.dll
 0002:000000e8       __imp_GetCPInfo            000000018001a0e8     kernel32:KERNEL32.dll
 0002:000000f0       __imp_GetOEMCP             000000018001a0f0     kernel32:KERNEL32.dll
 0002:000000f8       __imp_GetACP               000000018001a0f8     kernel32:KERNEL32.dll
 0002:00000100       __imp_IsValidCodePage      000000018001a100     kernel32:KERNEL32.dll
 0002:00000108       __imp_FindNextFileW        000000018001a108     kernel32:KERNEL32.dll
 0002:00000110       __imp_FindFirstFileExW     000000018001a110     kernel32:KERNEL32.dll
 0002:00000118       __imp_FindClose            000000018001a118     kernel32:KERNEL32.dll
 0002:00000120       __imp_GetFileType          000000018001a120     kernel32:KERNEL32.dll
 0002:00000128       __imp_GetStdHandle         000000018001a128     kernel32:KERNEL32.dll
 0002:00000130       __imp_LCMapStringW         000000018001a130     kernel32:KERNEL32.dll
 0002:00000138       __imp_HeapFree             000000018001a138     kernel32:KERNEL32.dll
 0002:00000140       __imp_HeapAlloc            000000018001a140     kernel32:KERNEL32.dll
 0002:00000148       __imp_GetModuleFileNameW   000000018001a148     kernel32:KERNEL32.dll
 0002:00000150       __imp_GetModuleHandleExW   000000018001a150     kernel32:KERNEL32.dll
 0002:00000158       __imp_ExitProcess          000000018001a158     kernel32:KERNEL32.dll
 0002:00000160       __imp_LoadLibraryExW       000000018001a160     kernel32:KERNEL32.dll
 0002:00000168       __imp_TlsFree              000000018001a168     kernel32:KERNEL32.dll
 0002:00000170       __imp_TlsSetValue          000000018001a170     kernel32:KERNEL32.dll
 0002:00000178       __imp_TlsGetValue          000000018001a178     kernel32:KERNEL32.dll
 0002:00000180       __imp_TlsAlloc             000000018001a180     kernel32:KERNEL32.dll
 0002:00000188       __imp_InitializeCriticalSectionAndSpinCount 000000018001a188     kernel32:KERNEL32.dll
 0002:00000190       __imp_DeleteCriticalSection 000000018001a190     kernel32:KERNEL32.dll
 0002:00000198       __imp_LeaveCriticalSection 000000018001a198     kernel32:KERNEL32.dll
 0002:000001a0       __imp_EnterCriticalSection 000000018001a1a0     kernel32:KERNEL32.dll
 0002:000001a8       __imp_EncodePointer        000000018001a1a8     kernel32:KERNEL32.dll
 0002:000001b0       __imp_SetLastError         000000018001a1b0     kernel32:KERNEL32.dll
 0002:000001b8       __imp_InterlockedFlushSList 000000018001a1b8     kernel32:KERNEL32.dll
 0002:000001c0       __imp_RaiseException       000000018001a1c0     kernel32:KERNEL32.dll
 0002:000001c8       __imp_RtlPcToFileHeader    000000018001a1c8     kernel32:KERNEL32.dll
 0002:000001d0       __imp_RtlUnwindEx          000000018001a1d0     kernel32:KERNEL32.dll
 0002:000001d8       __imp_InitializeSListHead  000000018001a1d8     kernel32:KERNEL32.dll
 0002:000001e0       __imp_GetSystemTimeAsFileTime 000000018001a1e0     kernel32:KERNEL32.dll
 0002:000001e8       __imp_GetCurrentThreadId   000000018001a1e8     kernel32:KERNEL32.dll
 0002:000001f0       __imp_GetCurrentProcessId  000000018001a1f0     kernel32:KERNEL32.dll
 0002:000001f8       __imp_QueryPerformanceCounter 000000018001a1f8     kernel32:KERNEL32.dll
 0002:00000200       __imp_GetModuleHandleW     000000018001a200     kernel32:KERNEL32.dll
 0002:00000208       __imp_GetStartupInfoW      000000018001a208     kernel32:KERNEL32.dll
 0002:00000210       __imp_ReadFile             000000018001a210     kernel32:KERNEL32.dll
 0002:00000218       __imp_CancelIo             000000018001a218     kernel32:KERNEL32.dll
 0002:00000220       __imp_WriteFile            000000018001a220     kernel32:KERNEL32.dll
 0002:00000228       __imp_DeviceIoControl      000000018001a228     kernel32:KERNEL32.dll
 0002:00000230       __imp_FormatMessageW       000000018001a230     kernel32:KERNEL32.dll
 0002:00000238       __imp_GetLastError         000000018001a238     kernel32:KERNEL32.dll
 0002:00000240       __imp_LoadLibraryA         000000018001a240     kernel32:KERNEL32.dll
 0002:00000248       __imp_CloseHandle          000000018001a248     kernel32:KERNEL32.dll
 0002:00000250       __imp_ResetEvent           000000018001a250     kernel32:KERNEL32.dll
 0002:00000258       __imp_GetOverlappedResult  000000018001a258     kernel32:KERNEL32.dll
 0002:00000260       __imp_GetProcAddress       000000018001a260     kernel32:KERNEL32.dll
 0002:00000268       __imp_FreeLibrary          000000018001a268     kernel32:KERNEL32.dll
 0002:00000270       __imp_RtlCaptureContext    000000018001a270     kernel32:KERNEL32.dll
 0002:00000278       __imp_RtlLookupFunctionEntry 000000018001a278     kernel32:KERNEL32.dll
 0002:00000280       __imp_RtlVirtualUnwind     000000018001a280     kernel32:KERNEL32.dll
 0002:00000288       __imp_UnhandledExceptionFilter 000000018001a288     kernel32:KERNEL32.dll
 0002:00000290       __imp_SetUnhandledExceptionFilter 000000018001a290     kernel32:KERNEL32.dll
 0002:00000298       __imp_GetCurrentProcess    000000018001a298     kernel32:KERNEL32.dll
 0002:000002a0       __imp_TerminateProcess     000000018001a2a0     kernel32:KERNEL32.dll
 0002:000002a8       __imp_IsProcessorFeaturePresent 000000018001a2a8     kernel32:KERNEL32.dll
 0002:000002b0       __imp_IsDebuggerPresent    000000018001a2b0     kernel32:KERNEL32.dll
 0002:000002b8       \177KERNEL32_NULL_THUNK_DATA 000000018001a2b8     kernel32:KERNEL32.dll
 0002:000002c0       __imp_SetupDiGetDeviceRegistryPropertyA 000000018001a2c0     setupapi:SETUPAPI.dll
 0002:000002c8       __imp_SetupDiEnumDeviceInfo 000000018001a2c8     setupapi:SETUPAPI.dll
 0002:000002d0       __imp_SetupDiGetDeviceInterfaceDetailA 000000018001a2d0     setupapi:SETUPAPI.dll
 0002:000002d8       __imp_SetupDiGetClassDevsA 000000018001a2d8     setupapi:SETUPAPI.dll
 0002:000002e0       __imp_SetupDiEnumDeviceInterfaces 000000018001a2e0     setupapi:SETUPAPI.dll
 0002:000002e8       __imp_SetupDiDestroyDeviceInfoList 000000018001a2e8     setupapi:SETUPAPI.dll
 0002:000002f0       \177SETUPAPI_NULL_THUNK_DATA 000000018001a2f0     setupapi:SETUPAPI.dll
 0002:000002f8       __imp_StrStrIA             000000018001a2f8     Shlwapi:SHLWAPI.dll
 0002:00000300       \177SHLWAPI_NULL_THUNK_DATA 000000018001a300     Shlwapi:SHLWAPI.dll
 0002:00000308       __imp_UnhookWinEvent       000000018001a308     user32:USER32.dll
 0002:00000310       __imp_UnregisterDeviceNotification 000000018001a310     user32:USER32.dll
 0002:00000318       __imp_SetWinEventHook      000000018001a318     user32:USER32.dll
 0002:00000320       __imp_PostQuitMessage      000000018001a320     user32:USER32.dll
 0002:00000328       __imp_TranslateMessage     000000018001a328     user32:USER32.dll
 0002:00000330       __imp_RegisterRawInputDevices 000000018001a330     user32:USER32.dll
 0002:00000338       __imp_CreateWindowExA      000000018001a338     user32:USER32.dll
 0002:00000340       __imp_RegisterClassA       000000018001a340     user32:USER32.dll
 0002:00000348       __imp_GetForegroundWindow  000000018001a348     user32:USER32.dll
 0002:00000350       __imp_GetRawInputData      000000018001a350     user32:USER32.dll
 0002:00000358       __imp_RegisterDeviceNotificationA 000000018001a358     user32:USER32.dll
 0002:00000360       __imp_keybd_event          000000018001a360     user32:USER32.dll
 0002:00000368       __imp_DestroyWindow        000000018001a368     user32:USER32.dll
 0002:00000370       __imp_DispatchMessageA     000000018001a370     user32:USER32.dll
 0002:00000378       __imp_GetMessageA          000000018001a378     user32:USER32.dll
 0002:00000380       __imp_GetWindowThreadProcessId 000000018001a380     user32:USER32.dll
 0002:00000388       \177USER32_NULL_THUNK_DATA 000000018001a388     user32:USER32.dll
 0002:00000390       __imp_WTSUnRegisterSessionNotification 000000018001a390     WtsApi32:WTSAPI32.dll
 0002:00000398       \177WTSAPI32_NULL_THUNK_DATA 000000018001a398     WtsApi32:WTSAPI32.dll
 0002:000003a0       __imp_?Int32Value@Value@v8@@QEBAHXZ 000000018001a3a0     iojs:node.dll
 0002:000003a8       __imp_?GlobalizeReference@V8@v8@@CAPEAPEAVObject@internal@2@PEAVIsolate@42@PEAPEAV342@@Z 000000018001a3a8     iojs:node.dll
 0002:000003b0       __imp_?DisposeGlobal@V8@v8@@CAXPEAPEAVObject@internal@2@@Z 000000018001a3b0     iojs:node.dll
 0002:000003b8       __imp_?ToLocalEmpty@V8@v8@@CAXXZ 000000018001a3b8     iojs:node.dll
 0002:000003c0       __imp_?New@FunctionTemplate@v8@@SA?AV?$Local@VFunctionTemplate@v8@@@2@PEAVIsolate@2@P6AXAEBV?$FunctionCallbackInfo@VValue@v8@@@2@@ZV?$Local@VValue@v8@@@2@V?$Local@VSignature@v8@@@2@HW4ConstructorBehavior@2@@Z 000000018001a3c0     iojs:node.dll
 0002:000003c8       __imp_?IntegerValue@Value@v8@@QEBA_JXZ 000000018001a3c8     iojs:node.dll
 0002:000003d0       __imp_?Error@Exception@v8@@SA?AV?$Local@VValue@v8@@@2@V?$Local@VString@v8@@@2@@Z 000000018001a3d0     iojs:node.dll
 0002:000003d8       __imp_??0HandleScope@v8@@QEAA@PEAVIsolate@1@@Z 000000018001a3d8     iojs:node.dll
 0002:000003e0       __imp_??1HandleScope@v8@@QEAA@XZ 000000018001a3e0     iojs:node.dll
 0002:000003e8       __imp_?CreateHandle@HandleScope@v8@@KAPEAPEAVObject@internal@2@PEAVIsolate@42@PEAV342@@Z 000000018001a3e8     iojs:node.dll
 0002:000003f0       __imp_?GetCurrent@Isolate@v8@@SAPEAV12@XZ 000000018001a3f0     iojs:node.dll
 0002:000003f8       __imp_?GetCurrentContext@Isolate@v8@@QEAA?AV?$Local@VContext@v8@@@2@XZ 000000018001a3f8     iojs:node.dll
 0002:00000400       __imp_?ThrowException@Isolate@v8@@QEAA?AV?$Local@VValue@v8@@@2@V32@@Z 000000018001a400     iojs:node.dll
 0002:00000408       __imp_?New@Integer@v8@@SA?AV?$Local@VInteger@v8@@@2@PEAVIsolate@2@H@Z 000000018001a408     iojs:node.dll
 0002:00000410       __imp_?Global@Context@v8@@QEAA?AV?$Local@VObject@v8@@@2@XZ 000000018001a410     iojs:node.dll
 0002:00000418       __imp_uv_queue_work        000000018001a418     iojs:node.dll
 0002:00000420       __imp_uv_mutex_unlock      000000018001a420     iojs:node.dll
 0002:00000428       __imp_uv_unref             000000018001a428     iojs:node.dll
 0002:00000430       __imp_?NewFromUtf8@String@v8@@SA?AV?$Local@VString@v8@@@2@PEAVIsolate@2@PEBDW4NewStringType@12@H@Z 000000018001a430     iojs:node.dll
 0002:00000438       __imp_?New@Object@v8@@SA?AV?$Local@VObject@v8@@@2@PEAVIsolate@2@@Z 000000018001a438     iojs:node.dll
 0002:00000440       __imp_?Set@Object@v8@@QEAA_NV?$Local@VValue@v8@@@2@0@Z 000000018001a440     iojs:node.dll
 0002:00000448       __imp_?SetName@Function@v8@@QEAAXV?$Local@VString@v8@@@2@@Z 000000018001a448     iojs:node.dll
 0002:00000450       __imp_?Call@Function@v8@@QEAA?AV?$Local@VValue@v8@@@2@V32@HQEAV32@@Z 000000018001a450     iojs:node.dll
 0002:00000458       __imp_uv_mutex_lock        000000018001a458     iojs:node.dll
 0002:00000460       __imp_uv_close             000000018001a460     iojs:node.dll
 0002:00000468       __imp_node_module_register 000000018001a468     iojs:node.dll
 0002:00000470       __imp_?Data@Buffer@node@@YAPEADV?$Local@VObject@v8@@@v8@@@Z 000000018001a470     iojs:node.dll
 0002:00000478       __imp_?Copy@Buffer@node@@YA?AV?$MaybeLocal@VObject@v8@@@v8@@PEAVIsolate@4@PEBD_K@Z 000000018001a478     iojs:node.dll
 0002:00000480       __imp_uv_thread_create     000000018001a480     iojs:node.dll
 0002:00000488       __imp_uv_mutex_destroy     000000018001a488     iojs:node.dll
 0002:00000490       __imp_uv_ref               000000018001a490     iojs:node.dll
 0002:00000498       __imp_uv_mutex_init        000000018001a498     iojs:node.dll
 0002:000004a0       __imp_uv_async_send        000000018001a4a0     iojs:node.dll
 0002:000004a8       __imp_uv_async_init        000000018001a4a8     iojs:node.dll
 0002:000004b0       __imp_uv_default_loop      000000018001a4b0     iojs:node.dll
 0002:000004b8       __imp_?ToObject@Value@v8@@QEBA?AV?$Local@VObject@v8@@@2@XZ 000000018001a4b8     iojs:node.dll
 0002:000004c0       __imp_?Uint32Value@Value@v8@@QEBAIXZ 000000018001a4c0     iojs:node.dll
 0002:000004c8       __imp_?GetFunction@FunctionTemplate@v8@@QEAA?AV?$Local@VFunction@v8@@@2@XZ 000000018001a4c8     iojs:node.dll
 0002:000004d0       \177node_NULL_THUNK_DATA   000000018001a4d0     iojs:node.dll
 0002:000004d8       __guard_check_icall_fptr   000000018001a4d8     LIBCMT:guard_support.obj
 0002:000004e0       __guard_dispatch_icall_fptr 000000018001a4e0     LIBCMT:guard_support.obj
 0002:000004e8       __xc_a                     000000018001a4e8     LIBCMT:initializers.obj
 0002:00000520       _register_hiddevice_       000000018001a520     hiddevice.obj
 0002:00000528       __xc_z                     000000018001a528     LIBCMT:initializers.obj
 0002:00000530       __xi_a                     000000018001a530     LIBCMT:initializers.obj
 0002:00000538       __acrt_stdio_initializer   000000018001a538     libucrt:stdio_initializer.obj
 0002:00000540       __acrt_multibyte_initializer 000000018001a540     libucrt:multibyte_initializer.obj
 0002:00000548       __acrt_tran_fma3_initializer 000000018001a548     libucrt:fma3_initializer.obj
 0002:00000550       __xi_z                     000000018001a550     LIBCMT:initializers.obj
 0002:00000558       __xp_a                     000000018001a558     LIBCMT:initializers.obj
 0002:00000560       __acrt_locale_terminator   000000018001a560     libucrt:locale_initializer.obj
 0002:00000568       __dcrt_console_output_terminator 000000018001a568     libucrt:console_output_initializer.obj
 0002:00000570       __acrt_stdio_terminator    000000018001a570     libucrt:stdio_initializer.obj
 0002:00000578       __xp_z                     000000018001a578     LIBCMT:initializers.obj
 0002:00000580       __xt_a                     000000018001a580     LIBCMT:initializers.obj
 0002:00000588       __xt_z                     000000018001a588     LIBCMT:initializers.obj
 0002:00000598       ??_7exception@std@@6B@     000000018001a598     libcpmt:xthrow.obj
 0002:000005a8       ??_C@_0BC@EOODALEL@Unknown?5exception@ 000000018001a5a8     libcpmt:xthrow.obj
 0002:000005c8       ??_7bad_alloc@std@@6B@     000000018001a5c8     libcpmt:xthrow.obj
 0002:000005d8       ??_C@_0P@GHFPNOJB@bad?5allocation@ 000000018001a5d8     libcpmt:xthrow.obj
 0002:000005f0       ??_7logic_error@std@@6B@   000000018001a5f0     libcpmt:xthrow.obj
 0002:00000608       ??_7length_error@std@@6B@  000000018001a608     libcpmt:xthrow.obj
 0002:00000628       _pRawDllMain               000000018001a628     LIBCMT:dll_dllmain.obj
 0002:00000628       _pDefaultRawDllMain        000000018001a628     LIBCMT:dll_dllmain.obj
 0002:00000638       ??_7type_info@@6B@         000000018001a638     LIBCMT:std_type_info_static.obj
 0002:00000648       ??_7bad_array_new_length@std@@6B@ 000000018001a648     LIBCMT:throw_bad_alloc.obj
 0002:00000658       ??_C@_0BF@KINCDENJ@bad?5array?5new?5length@ 000000018001a658     LIBCMT:throw_bad_alloc.obj
 0002:00000708       _pDestructExceptionObject  000000018001a708     libvcruntime:ehhelpers.obj
 0002:00000758       ??_7bad_exception@std@@6B@ 000000018001a758     libvcruntime:frame.obj
 0002:00000768       ??_C@_0O@DPKOEFFH@bad?5exception@ 000000018001a768     libvcruntime:frame.obj
 0002:00000790       ??_C@_1DM@KHCHBNEB@?$AAa?$AAp?$AAi?$AA?9?$AAm?$AAs?$AA?9?$AAw?$AAi?$AAn?$AA?9?$AAc?$AAo?$AAr?$AAe@ 000000018001a790     libvcruntime:winapi_downlevel.obj
 0002:000007d0       ??_C@_1DK@LPPGFMPP@?$AAa?$AAp?$AAi?$AA?9?$AAm?$AAs?$AA?9?$AAw?$AAi?$AAn?$AA?9?$AAc?$AAo?$AAr?$AAe@ 000000018001a7d0     libvcruntime:winapi_downlevel.obj
 0002:00000810       ??_C@_1BC@GDMECMAK@?$AAk?$AAe?$AAr?$AAn?$AAe?$AAl?$AA3?$AA2@ 000000018001a810     libvcruntime:winapi_downlevel.obj
 0002:00000828       ??_C@_1BA@PFFKHIOG@?$AAa?$AAp?$AAi?$AA?9?$AAm?$AAs?$AA?9@ 000000018001a828     libvcruntime:winapi_downlevel.obj
 0002:00000838       ??_C@_1BA@IAIFMGEF@?$AAe?$AAx?$AAt?$AA?9?$AAm?$AAs?$AA?9@ 000000018001a838     libvcruntime:winapi_downlevel.obj
 0002:00000850       ??_C@_08KNHFBNJ@FlsAlloc@  000000018001a850     libvcruntime:winapi_downlevel.obj
 0002:00000868       ??_C@_07PEJMOBNF@FlsFree@  000000018001a868     libvcruntime:winapi_downlevel.obj
 0002:00000878       ??_C@_0M@GDNOONDI@FlsGetValue@ 000000018001a878     libvcruntime:winapi_downlevel.obj
 0002:00000890       ??_C@_0M@JCPCPOEF@FlsSetValue@ 000000018001a890     libvcruntime:winapi_downlevel.obj
 0002:000008a8       ??_C@_0BM@HCFOFFN@InitializeCriticalSectionEx@ 000000018001a8a8     libvcruntime:winapi_downlevel.obj
 0002:00000c08       ??_C@_08EHJDFFNH@__based?$CI@ 000000018001ac08     libvcruntime:undname.obj
 0002:00000c18       ??_C@_07KOLFKCDI@__cdecl@  000000018001ac18     libvcruntime:undname.obj
 0002:00000c20       ??_C@_08GHMPAG@__pascal@   000000018001ac20     libvcruntime:undname.obj
 0002:00000c30       ??_C@_09IFJBGAPI@__stdcall@ 000000018001ac30     libvcruntime:undname.obj
 0002:00000c40       ??_C@_0L@NPHFGOKO@__thiscall@ 000000018001ac40     libvcruntime:undname.obj
 0002:00000c50       ??_C@_0L@JMKHOMEK@__fastcall@ 000000018001ac50     libvcruntime:undname.obj
 0002:00000c60       ??_C@_0N@BCKKPABJ@__vectorcall@ 000000018001ac60     libvcruntime:undname.obj
 0002:00000c70       ??_C@_09HIJEGCPM@__clrcall@ 000000018001ac70     libvcruntime:undname.obj
 0002:00000c7c       ??_C@_06GHPCKEAG@__eabi@   000000018001ac7c     libvcruntime:undname.obj
 0002:00000c88       ??_C@_09IOPIDJLG@__swift_1@ 000000018001ac88     libvcruntime:undname.obj
 0002:00000c98       ??_C@_09KFNFGKHF@__swift_2@ 000000018001ac98     libvcruntime:undname.obj
 0002:00000ca8       ??_C@_07JOMMBBKO@__ptr64@  000000018001aca8     libvcruntime:undname.obj
 0002:00000cb0       ??_C@_0L@PILCLIHE@__restrict@ 000000018001acb0     libvcruntime:undname.obj
 0002:00000cc0       ??_C@_0M@GFIIJFMG@__unaligned@ 000000018001acc0     libvcruntime:undname.obj
 0002:00000cd0       ??_C@_09DHDLOLLB@restrict?$CI@ 000000018001acd0     libvcruntime:undname.obj
 0002:00000cdc       ??_C@_04NIHEBCM@?5new@     000000018001acdc     libvcruntime:undname.obj
 0002:00000ce8       ??_C@_07FPCDHGMM@?5delete@ 000000018001ace8     libvcruntime:undname.obj
 0002:00000cf0       ??_C@_01NEMOKFLO@?$DN@     000000018001acf0     libvcruntime:undname.obj
 0002:00000cf4       ??_C@_02GPIOPFAK@?$DO?$DO@ 000000018001acf4     libvcruntime:undname.obj
 0002:00000cf8       ??_C@_02FODMEDOG@?$DM?$DM@ 000000018001acf8     libvcruntime:undname.obj
 0002:00000cfc       ??_C@_01DCLJPIOD@?$CB@     000000018001acfc     libvcruntime:undname.obj
 0002:00000d00       ??_C@_02EGOFBIJA@?$DN?$DN@ 000000018001ad00     libvcruntime:undname.obj
 0002:00000d04       ??_C@_02FDNJECIE@?$CB?$DN@ 000000018001ad04     libvcruntime:undname.obj
 0002:00000d08       ??_C@_02GPECMEKF@?$FL?$FN@ 000000018001ad08     libvcruntime:undname.obj
 0002:00000d10       ??_C@_08LHJFAFGD@operator@ 000000018001ad10     libvcruntime:undname.obj
 0002:00000d1c       ??_C@_02HBOOOICD@?9?$DO@   000000018001ad1c     libvcruntime:undname.obj
 0002:00000d20       ??_C@_01NBENCBCI@?$CK@     000000018001ad20     libvcruntime:undname.obj
 0002:00000d24       ??_C@_02ECNGHCIF@?$CL?$CL@ 000000018001ad24     libvcruntime:undname.obj
 0002:00000d28       ??_C@_02BAABKJLB@?9?9@     000000018001ad28     libvcruntime:undname.obj
 0002:00000d2c       ??_C@_01JOAMLHOP@?9@       000000018001ad2c     libvcruntime:undname.obj
 0002:00000d30       ??_C@_01MIFGBAGJ@?$CL@     000000018001ad30     libvcruntime:undname.obj
 0002:00000d34       ??_C@_01HNPIGOCE@?$CG@     000000018001ad34     libvcruntime:undname.obj
 0002:00000d38       ??_C@_03MNHNFDLC@?9?$DO?$CK@ 000000018001ad38     libvcruntime:undname.obj
 0002:00000d3c       ??_C@_01KMDKNFGN@?1@       000000018001ad3c     libvcruntime:undname.obj
 0002:00000d40       ??_C@_01FGNFDNOH@?$CF@     000000018001ad40     libvcruntime:undname.obj
 0002:00000d44       ??_C@_01MNNFJEPP@?$DM@     000000018001ad44     libvcruntime:undname.obj
 0002:00000d48       ??_C@_02EHCHHCKH@?$DM?$DN@ 000000018001ad48     libvcruntime:undname.obj
 0002:00000d4c       ??_C@_01PPODPGHN@?$DO@     000000018001ad4c     libvcruntime:undname.obj
 0002:00000d50       ??_C@_02EEKDKGMJ@?$DO?$DN@ 000000018001ad50     libvcruntime:undname.obj
 0002:00000d54       ??_C@_01IHBHIGKO@?0@       000000018001ad54     libvcruntime:undname.obj
 0002:00000d58       ??_C@_02HCKGKOFO@?$CI?$CJ@ 000000018001ad58     libvcruntime:undname.obj
 0002:00000d5c       ??_C@_01PJKLJHI@?$HO@      000000018001ad5c     libvcruntime:undname.obj
 0002:00000d60       ??_C@_01JKBOJNNK@?$FO@     000000018001ad60     libvcruntime:undname.obj
 0002:00000d64       ??_C@_01DNKMNLPK@?$HM@     000000018001ad64     libvcruntime:undname.obj
 0002:00000d68       ??_C@_02PPKAJPJL@?$CG?$CG@ 000000018001ad68     libvcruntime:undname.obj
 0002:00000d6c       ??_C@_02NONPIBCD@?$HM?$HM@ 000000018001ad6c     libvcruntime:undname.obj
 0002:00000d70       ??_C@_02FPIMKNGF@?$CK?$DN@ 000000018001ad70     libvcruntime:undname.obj
 0002:00000d74       ??_C@_02FOEOMHFC@?$CL?$DN@ 000000018001ad74     libvcruntime:undname.obj
 0002:00000d78       ??_C@_02FKMDLLOA@?9?$DN@   000000018001ad78     libvcruntime:undname.obj
 0002:00000d7c       ??_C@_02FJEHGPIO@?1?$DN@   000000018001ad7c     libvcruntime:undname.obj
 0002:00000d80       ??_C@_02FENAOKFI@?$CF?$DN@ 000000018001ad80     libvcruntime:undname.obj
 0002:00000d84       ??_C@_03IKFCCPFF@?$DO?$DO?$DN@ 000000018001ad84     libvcruntime:undname.obj
 0002:00000d88       ??_C@_03CDNPDDLA@?$DM?$DM?$DN@ 000000018001ad88     libvcruntime:undname.obj
 0002:00000d8c       ??_C@_02FGJGFEAB@?$CG?$DN@ 000000018001ad8c     libvcruntime:undname.obj
 0002:00000d90       ??_C@_02DHLNPPGH@?$HM?$DN@ 000000018001ad90     libvcruntime:undname.obj
 0002:00000d94       ??_C@_02MHEGNOJ@?$FO?$DN@  000000018001ad94     libvcruntime:undname.obj
[...]
 0004:00001230       $pdata$__acrt_get_sigabrt_handler 000000018002b230     libucrt:signal.obj
 0004:0000123c       $pdata$raise               000000018002b23c     libucrt:signal.obj
 0004:00001248       $pdata$?GetTableIndexFromLocaleName@@YAHPEB_W@Z 000000018002b248     libucrt:lcidtoname_downlevel.obj
 0004:00001254       $pdata$__acrt_DownlevelLocaleNameToLCID 000000018002b254     libucrt:lcidtoname_downlevel.obj
 0004:00001260       $pdata$_fclose_nolock      000000018002b260     libucrt:fclose.obj
 0004:0000126c       $pdata$fclose              000000018002b26c     libucrt:fclose.obj
 0004:00001278       $pdata$??$?RV<lambda_a37b2b86f63e897a80ea819b0eb08c01>@@AEAV<lambda_38ce7e780aa69e748d6df282ebc68efe>@@V<lambda_99fb1378e971ab6e7edea83e3a7a83a2>@@@?$__crt_seh_guarded_call@H@@QEAAH$$QEAV<lambda_a37b2b86f63e897a80ea819b0eb08c01>@@AEAV<lambda_38ce7e780aa69e748d6df282ebc68efe>@@$$QEAV<lambda_99fb1378e971ab6e7edea83e3a7a83a2>@@@Z 000000018002b278     libucrt:commit.obj
 0004:00001284       $pdata$_commit             000000018002b284     libucrt:commit.obj
 0004:00001290       $pdata$?write_double_translated_ansi_nolock@@YA?AUwrite_result@?A0x17268360@@HQEBDI@Z 000000018002b290     libucrt:write.obj
 0004:0000129c       $pdata$?write_text_ansi_nolock@@YA?AUwrite_result@?A0x17268360@@HQEBDI@Z 000000018002b29c     libucrt:write.obj
 0004:000012a8       $pdata$?write_text_utf16le_nolock@@YA?AUwrite_result@?A0x17268360@@HQEBDI@Z 000000018002b2a8     libucrt:write.obj
 0004:000012b4       $pdata$?write_text_utf8_nolock@@YA?AUwrite_result@?A0x17268360@@HQEBDI@Z 000000018002b2b4     libucrt:write.obj
 0004:000012c0       $pdata$_write              000000018002b2c0     libucrt:write.obj
 0004:000012cc       $pdata$_write_nolock       000000018002b2cc     libucrt:write.obj
 0004:000012d8       $pdata$__acrt_lowio_create_handle_array 000000018002b2d8     libucrt:osfinfo.obj
 0004:000012e4       $pdata$__acrt_lowio_destroy_handle_array 000000018002b2e4     libucrt:osfinfo.obj
 0004:000012f0       $pdata$__acrt_lowio_ensure_fh_exists 000000018002b2f0     libucrt:osfinfo.obj
 0004:000012fc       $pdata$_free_osfhnd        000000018002b2fc     libucrt:osfinfo.obj
 0004:00001308       $pdata$_get_osfhandle      000000018002b308     libucrt:osfinfo.obj
 0004:00001314       $pdata$_isleadbyte_l       000000018002b314     libucrt:_wctype.obj
 0004:00001320       $pdata$?__acrt_LCMapStringA_stat@@YAHPEAU__crt_locale_pointers@@PEB_WKPEBDHPEADHHH@Z 000000018002b320     libucrt:lcmapstringa.obj
 0004:0000132c       $pdata$__acrt_LCMapStringA 000000018002b32c     libucrt:lcmapstringa.obj
 0004:00001338       $pdata$?__mbrtowc_utf8@__crt_mbstring@@YA_KPEA_WPEBD_KPEAU_Mbstatet@@@Z 000000018002b338     libucrt:mbrtowc.obj
 0004:00001344       $pdata$?__mbsrtowcs_utf8@__crt_mbstring@@YA_KPEA_WPEAPEBD_KPEAU_Mbstatet@@@Z 000000018002b344     libucrt:mbrtowc.obj
 0004:00001350       $pdata$?__c32rtomb_utf8@__crt_mbstring@@YA_KPEAD_UPEAU_Mbstatet@@@Z 000000018002b350     libucrt:c32rtomb.obj
 0004:0000135c       $pdata$__acrt_free_locale  000000018002b35c     libucrt:locale_refcounting.obj
 0004:00001368       $pdata$__acrt_locale_free_lc_time_if_unreferenced 000000018002b368     libucrt:locale_refcounting.obj
 0004:00001374       $pdata$__acrt_release_locale_ref 000000018002b374     libucrt:locale_refcounting.obj
 0004:00001380       $pdata$__acrt_update_thread_locale_data 000000018002b380     libucrt:locale_refcounting.obj
 0004:0000138c       $pdata$_updatetlocinfoEx_nolock 000000018002b38c     libucrt:locale_refcounting.obj
 0004:00001398       $pdata$__acrt_fp_strflt_to_string 000000018002b398     libucrt:_fptostr.obj
 0004:000013a4       $pdata$?divide@__crt_strtox@@YA_KAEAUbig_integer@1@AEBU21@@Z 000000018002b3a4     libucrt:cfout.obj
 0004:000013b0       $pdata$0$?divide@__crt_strtox@@YA_KAEAUbig_integer@1@AEBU21@@Z 000000018002b3b0     libucrt:cfout.obj
 0004:000013bc       $pdata$1$?divide@__crt_strtox@@YA_KAEAUbig_integer@1@AEBU21@@Z 000000018002b3bc     libucrt:cfout.obj
 0004:000013c8       $pdata$__acrt_fltout       000000018002b3c8     libucrt:cfout.obj
 0004:000013d4       $pdata$memcpy_s            000000018002b3d4     libucrt:cfout.obj
 0004:000013e0       $pdata$??$write_buffer_nolock@D@@YA_NDV__crt_stdio_stream@@@Z 000000018002b3e0     libucrt:_flsbuf.obj
 0004:000013ec       $pdata$?stream_is_at_end_of_file_nolock@@YA_NV__crt_stdio_stream@@@Z 000000018002b3ec     libucrt:_flsbuf.obj
 0004:000013f8       $pdata$__acrt_stdio_flush_and_write_narrow_nolock 000000018002b3f8     libucrt:_flsbuf.obj
 0004:00001404       $pdata$_isatty             000000018002b404     libucrt:isatty.obj
 0004:00001410       $pdata$__acrt_locale_free_monetary 000000018002b410     libucrt:initmon.obj
 0004:0000141c       $pdata$__acrt_locale_free_numeric 000000018002b41c     libucrt:initnum.obj
 0004:00001428       $pdata$?free_crt_array_internal@@YAXQEAPEBX_K@Z 000000018002b428     libucrt:inittime.obj
 0004:00001434       $pdata$__acrt_locale_free_time 000000018002b434     libucrt:inittime.obj
 0004:00001440       $pdata$__acrt_GetStringTypeA 000000018002b440     libucrt:getstringtypea.obj
 0004:0000144c       $pdata$qsort               000000018002b44c     libucrt:qsort.obj
 0004:00001458       $pdata$4$qsort             000000018002b458     libucrt:qsort.obj
 0004:00001464       $pdata$5$qsort             000000018002b464     libucrt:qsort.obj
 0004:00001470       $pdata$strncpy_s           000000018002b470     libucrt:strncpy_s.obj
 0004:0000147c       $pdata$fallbackMethod      000000018002b47c     libucrt:strpbrk.obj
 0004:00001488       $pdata$strpbrk             000000018002b488     libucrt:strpbrk.obj
 0004:00001494       $pdata$_mbsdec_l           000000018002b494     libucrt:mbsdec.obj
 0004:000014a0       $pdata$?initialize_multibyte@@YAHXZ 000000018002b4a0     libucrt:multibyte_initializer.obj
 0004:000014ac       $pdata$_msize_base         000000018002b4ac     libucrt:msize.obj
 0004:000014b8       $pdata$_realloc_base       000000018002b4b8     libucrt:realloc_base.obj
 0004:000014c4       $pdata$??$?RV<lambda_751a882b2c74d4b022dec766aa51a29a>@@AEAV<lambda_628dfdc04ba53c8bfc02c9951375f3f5>@@V<lambda_f6c7be5f7998530c34de24c7437d6b54>@@@?$__crt_seh_guarded_call@H@@QEAAH$$QEAV<lambda_751a882b2c74d4b022dec766aa51a29a>@@AEAV<lambda_628dfdc04ba53c8bfc02c9951375f3f5>@@$$QEAV<lambda_f6c7be5f7998530c34de24c7437d6b54>@@@Z 000000018002b4c4     libucrt:close.obj
 0004:000014d0       $pdata$_close              000000018002b4d0     libucrt:close.obj
 0004:000014dc       $pdata$_close_nolock       000000018002b4dc     libucrt:close.obj
 0004:000014e8       $pdata$??$common_lseek@_J@@YA_JH_JH@Z 000000018002b4e8     libucrt:lseek.obj
 0004:000014f4       $pdata$??$common_lseek_nolock@_J@@YA_JH_JH@Z 000000018002b4f4     libucrt:lseek.obj
 0004:00001500       $pdata$_putwch_nolock      000000018002b500     libucrt:putwch.obj
 0004:0000150c       $pdata$?__mbrtoc32_utf8@__crt_mbstring@@YA_KPEA_UPEBD_KPEAU_Mbstatet@@@Z 000000018002b50c     libucrt:mbrtoc32.obj
 0004:00001518       $pdata$fegetenv            000000018002b518     libucrt:fegetenv.obj
 0004:00001524       $pdata$fesetenv            000000018002b524     libucrt:fesetenv.obj
 0004:00001530       $pdata$feholdexcept        000000018002b530     libucrt:feholdexcept.obj
 0004:00001548       $pdata$__acrt_stdio_allocate_buffer_nolock 000000018002b548     libucrt:_getbuf.obj
 0004:00001554       $pdata$__dcrt_lowio_ensure_console_output_initialized 000000018002b554     libucrt:initcon.obj
 0004:00001560       $pdata$__dcrt_terminate_console_output 000000018002b560     libucrt:initcon.obj
 0004:0000156c       $pdata$__dcrt_write_console 000000018002b56c     libucrt:initcon.obj
 0004:00001578       $pdata$__acrt_fenv_set_control 000000018002b578     libucrt:_fenvutils.obj
 0004:00001584       $pdata$_clearfp            000000018002b584     libucrt:ieee.obj
 0004:00001590       $pdata$_call_matherr       000000018002b590     libucrt:libm_error.obj
 0004:0000159c       $pdata$_exception_enabled  000000018002b59c     libucrt:libm_error.obj
 0004:000015a8       $pdata$_handle_error       000000018002b5a8     libucrt:libm_error.obj
 0004:000015b4       $pdata$__acrt_initialize_fma3 000000018002b5b4     libucrt:fma3_available.obj
 0004:000015c0       $pdata$_log10_special      000000018002b5c0     libucrt:log_special.obj
 0004:000015cc       $pdata$_log_special_common 000000018002b5cc     libucrt:log_special.obj
 0004:000015e4       $pdata$_raise_exc          000000018002b5e4     libucrt:fpexcept.obj
 0004:000015f0       $pdata$_raise_exc_ex       000000018002b5f0     libucrt:fpexcept.obj
 0004:000015fc       $pdata$_set_errno_from_matherr 000000018002b5fc     libucrt:fpexcept.obj
 0004:00001608       $pdata$_clrfp              000000018002b608     libucrt:fpctrl.obj
 0004:00001614       $pdata$_ctrlfp             000000018002b614     libucrt:fpctrl.obj
 0004:00001620       $pdata$_set_statfp         000000018002b620     libucrt:fpctrl.obj
 0004:0000162c       $pdata$_statfp             000000018002b62c     libucrt:fpctrl.obj
 0004:00001638       $pdata$__GSHandlerCheck    000000018002b638     LIBCMT:_gshandler_.obj
 0004:00001644       $pdata$__GSHandlerCheckCommon 000000018002b644     LIBCMT:_gshandler_.obj
 0004:00001650       $pdata$_IsNonwritableInCurrentImage 000000018002b650     LIBCMT:pesect.obj
 0004:00001668       $pdata$strrchr             000000018002b668     libvcruntime:strrchr.obj
 0004:00001680       $pdata$__GSHandlerCheck_EH 000000018002b680     LIBCMT:gshandlereh.obj
 0004:000016a4       $pdata$__scrt_is_nonwritable_in_current_image$filt$0 000000018002b6a4     LIBCMT:utility.obj
 0004:000016b0       $pdata$?fin$0@?0??dllmain_crt_process_attach@@YAHQEAUHINSTANCE__@@QEAX@Z@4HA 000000018002b6b0     LIBCMT:dll_dllmain.obj
 0004:000016bc       $pdata$?fin$0@?0??dllmain_crt_process_detach@@YAH_N@Z@4HA 000000018002b6bc     LIBCMT:dll_dllmain.obj
 0004:000016c8       $pdata$?filt$0@?0??dllmain_dispatch@@YAHQEAUHINSTANCE__@@KQEAX@Z@4HA 000000018002b6c8     LIBCMT:dll_dllmain.obj
 0004:000016d4       $pdata$?filt$0@?0???$_CallSETranslator@V__FrameHandler3@@@@YAHPEAUEHExceptionRecord@@PEA_KPEAU_CONTEXT@@PEAU_xDISPATCHER_CONTEXT@@PEBU_s_FuncInfo@@K1@Z@4HA 000000018002b6d4     libvcruntime:risctrnsctrl.obj
 0004:000016e0       $pdata$__DestructExceptionObject$filt$0 000000018002b6e0     libvcruntime:ehhelpers.obj
 0004:000016ec       $pdata$?filt$0@?0??CxxCallCatchBlock@__FrameHandler3@@SAPEAXPEAU_EXCEPTION_RECORD@@@Z@4HA 000000018002b6ec     libvcruntime:frame.obj
 0004:000016f8       $pdata$?fin$1@?0??CxxCallCatchBlock@__FrameHandler3@@SAPEAXPEAU_EXCEPTION_RECORD@@@Z@4HA 000000018002b6f8     libvcruntime:frame.obj
 0004:00001704       $pdata$?filt$0@?0??FrameUnwindToState@__FrameHandler3@@SAXPEA_KPEAU_xDISPATCHER_CONTEXT@@PEBU_s_FuncInfo@@H@Z@4HA 000000018002b704     libvcruntime:frame.obj
 0004:00001710       $pdata$?fin$1@?0??FrameUnwindToState@__FrameHandler3@@SAXPEA_KPEAU_xDISPATCHER_CONTEXT@@PEBU_s_FuncInfo@@H@Z@4HA 000000018002b710     libvcruntime:frame.obj
 0004:0000171c       $pdata$?fin$0@?0???$?RV<lambda_842d9ff0dc9ef11c61343bbaebe7f885>@@AEAV<lambda_c5860995281e5c4ce005b3de8f5874ee>@@V<lambda_d90129c13df834fdcbf8d2b88dafcf2d>@@@?$__crt_seh_guarded_call@X@@QEAAX$$QEAV<lambda_842d9ff0dc9ef11c61343bbaebe7f885>@@AEAV<lambda_c5860995281e5c4ce005b3de8f5874ee>@@$$QEAV<lambda_d90129c13df834fdcbf8d2b88dafcf2d>@@@Z@4HA 000000018002b71c     libucrt:fflush.obj
 0004:0000171c       $pdata$?fin$0@?0???$?RV<lambda_a62c933ada0517137acf5807a1eeac1f>@@AEAV<lambda_a31071773b9a94e445cbd5d04ef99106>@@V<lambda_56065050dbf3ada7e59a83db45153de3>@@@?$__crt_seh_guarded_call@H@@QEAAH$$QEAV<lambda_a62c933ada0517137acf5807a1eeac1f>@@AEAV<lambda_a31071773b9a94e445cbd5d04ef99106>@@$$QEAV<lambda_56065050dbf3ada7e59a83db45153de3>@@@Z@4HA 000000018002b71c     libucrt:output.obj
 0004:00001728       $pdata$_query_new_handler$fin$0 000000018002b728     libucrt:new_handler.obj
 0004:00001734       $pdata$?fin$0@?0???$?RV<lambda_2d41944a1d46af3157314b8a01080d33>@@AEAV<lambda_8f455de75cd7d7f24b4096f044d8b9e6>@@V<lambda_aa500f224e6afead328df44964fe2772>@@@?$__crt_seh_guarded_call@X@@QEAAX$$QEAV<lambda_2d41944a1d46af3157314b8a01080d33>@@AEAV<lambda_8f455de75cd7d7f24b4096f044d8b9e6>@@$$QEAV<lambda_aa500f224e6afead328df44964fe2772>@@@Z@4HA 000000018002b734     libucrt:per_thread_data.obj
 0004:00001734       $pdata$?fin$0@?0???$?RV<lambda_7777bce6b2f8c936911f934f8298dc43>@@AEAV<lambda_f03950bc5685219e0bcd2087efbe011e>@@V<lambda_3883c3dff614d5e0c5f61bb1ac94921c>@@@?$__crt_seh_guarded_call@H@@QEAAH$$QEAV<lambda_7777bce6b2f8c936911f934f8298dc43>@@AEAV<lambda_f03950bc5685219e0bcd2087efbe011e>@@$$QEAV<lambda_3883c3dff614d5e0c5f61bb1ac94921c>@@@Z@4HA 000000018002b734     libucrt:onexit.obj
 0004:00001734       $pdata$?fin$0@?0???$?RV<lambda_638799b9deba96c50f710eeac98168cd>@@AEAV<lambda_22ebabd17bc4fa466a2aca6d8deb888d>@@V<lambda_a6f7d7db0129f75315ebf26d50c089f1>@@@?$__crt_seh_guarded_call@H@@QEAAH$$QEAV<lambda_638799b9deba96c50f710eeac98168cd>@@AEAV<lambda_22ebabd17bc4fa466a2aca6d8deb888d>@@$$QEAV<lambda_a6f7d7db0129f75315ebf26d50c089f1>@@@Z@4HA 000000018002b734     libucrt:onexit.obj
 0004:00001734       $pdata$?fin$0@?0???$?RV<lambda_d80eeec6fff315bfe5c115232f3240e3>@@AEAV<lambda_6e4b09c48022b2350581041d5f6b0c4c>@@V<lambda_2358e3775559c9db80273638284d5e45>@@@?$__crt_seh_guarded_call@X@@QEAAX$$QEAV<lambda_d80eeec6fff315bfe5c115232f3240e3>@@AEAV<lambda_6e4b09c48022b2350581041d5f6b0c4c>@@$$QEAV<lambda_2358e3775559c9db80273638284d5e45>@@@Z@4HA 000000018002b734     libucrt:exit.obj
 0004:00001734       $pdata$?fin$0@?0???$?RV<lambda_f2e299630e499de9f9a165e60fcd3db5>@@AEAV<lambda_2ae9d31cdba2644fcbeaf08da7c24588>@@V<lambda_40d01ff24d0e7b3814fdbdcee8eab3c7>@@@?$__crt_seh_guarded_call@X@@QEAAX$$QEAV<lambda_f2e299630e499de9f9a165e60fcd3db5>@@AEAV<lambda_2ae9d31cdba2644fcbeaf08da7c24588>@@$$QEAV<lambda_40d01ff24d0e7b3814fdbdcee8eab3c7>@@@Z@4HA 000000018002b734     libucrt:per_thread_data.obj
 0004:00001734       $pdata$?fin$0@?0???$?RV<lambda_450d765d439847d4c735a33c368b5fc0>@@AEAV<lambda_44731a7d0e6d81c3e6aa82d741081786>@@V<lambda_601a2a7da3b7a96e9554ac7215c4b07c>@@@?$__crt_seh_guarded_call@P6AXH@Z@@QEAAP6AXH@Z$$QEAV<lambda_450d765d439847d4c735a33c368b5fc0>@@AEAV<lambda_44731a7d0e6d81c3e6aa82d741081786>@@$$QEAV<lambda_601a2a7da3b7a96e9554ac7215c4b07c>@@@Z@4HA 000000018002b734     libucrt:signal.obj
 0004:00001734       $pdata$?fin$0@?0???$?RV<lambda_aa87e3671a710a21b5dc78c0bdf72e11>@@AEAV<lambda_92619d2358a28f41a33ba319515a20b9>@@V<lambda_6992ecaafeb10aed2b74cb1fae11a551>@@@?$__crt_seh_guarded_call@X@@QEAAX$$QEAV<lambda_aa87e3671a710a21b5dc78c0bdf72e11>@@AEAV<lambda_92619d2358a28f41a33ba319515a20b9>@@$$QEAV<lambda_6992ecaafeb10aed2b74cb1fae11a551>@@@Z@4HA 000000018002b734     libucrt:per_thread_data.obj
 0004:00001734       $pdata$?fin$0@?0???$?RV<lambda_efdfa57d1f175319df784efa44bb7b81>@@AEAV<lambda_5f0a4c1567f8adc6734073e5d1e1b35c>@@V<lambda_2e8a7d3640ea6ccb4c2413664c2db6fd>@@@?$__crt_seh_guarded_call@X@@QEAAX$$QEAV<lambda_efdfa57d1f175319df784efa44bb7b81>@@AEAV<lambda_5f0a4c1567f8adc6734073e5d1e1b35c>@@$$QEAV<lambda_2e8a7d3640ea6ccb4c2413664c2db6fd>@@@Z@4HA 000000018002b734     libucrt:mbctype.obj
 0004:00001734       $pdata$?fin$0@?0???$?RV<lambda_0ae27a3a962d80f24befdcbee591983d>@@AEAV<lambda_8d0ee55de4b1038c4002e0adecdf1839>@@V<lambda_dc504788e8f1664fe9b84e20bfb512f2>@@@?$__crt_seh_guarded_call@X@@QEAAX$$QEAV<lambda_0ae27a3a962d80f24befdcbee591983d>@@AEAV<lambda_8d0ee55de4b1038c4002e0adecdf1839>@@$$QEAV<lambda_dc504788e8f1664fe9b84e20bfb512f2>@@@Z@4HA 000000018002b734     libucrt:per_thread_data.obj
 0004:00001740       $pdata$?filt$0@?0???R<lambda_6e4b09c48022b2350581041d5f6b0c4c>@@QEBA@XZ@4HA 000000018002b740     libucrt:exit.obj
 0004:0000174c       $pdata$_fcloseall$fin$0    000000018002b74c     libucrt:closeall.obj
 0004:00001758       $pdata$?fin$0@?0???$?RV<lambda_886d6c58226a84441f68b9f2b8217b83>@@AEAV<lambda_ab61a845afdef5b7c387490eaf3616ee>@@V<lambda_f7f22ab5edc0698d5f6905b0d3f44752>@@@?$__crt_seh_guarded_call@X@@QEAAX$$QEAV<lambda_886d6c58226a84441f68b9f2b8217b83>@@AEAV<lambda_ab61a845afdef5b7c387490eaf3616ee>@@$$QEAV<lambda_f7f22ab5edc0698d5f6905b0d3f44752>@@@Z@4HA 000000018002b758     libucrt:fflush.obj
 0004:00001764       $pdata$__acrt_lowio_ensure_fh_exists$fin$0 000000018002b764     libucrt:osfinfo.obj
 0004:00001764       $pdata$__acrt_initialize_lowio$fin$0 000000018002b764     libucrt:ioinit.obj
 0004:00001770       $pdata$?fin$0@?0???$?RV<lambda_410d79af7f07d98d83a3f525b3859a53>@@AEAV<lambda_3e16ef9562a7dcce91392c22ab16ea36>@@V<lambda_38119f0e861e05405d8a144b9b982f0a>@@@?$__crt_seh_guarded_call@X@@QEAAX$$QEAV<lambda_410d79af7f07d98d83a3f525b3859a53>@@AEAV<lambda_3e16ef9562a7dcce91392c22ab16ea36>@@$$QEAV<lambda_38119f0e861e05405d8a144b9b982f0a>@@@Z@4HA 000000018002b770     libucrt:wsetlocale.obj
 0004:0000177c       $pdata$?fin$0@?0??update_thread_multibyte_data_internal@@YAPEAU__crt_multibyte_data@@QEAU__acrt_ptd@@QEAPEAU1@@Z@4HA 000000018002b77c     libucrt:mbctype.obj
 0004:00001788       $pdata$raise$fin$0         000000018002b788     libucrt:signal.obj
 0004:00001794       $pdata$fclose$fin$0        000000018002b794     libucrt:fclose.obj
 0004:000017a0       $pdata$?fin$0@?0???$?RV<lambda_751a882b2c74d4b022dec766aa51a29a>@@AEAV<lambda_628dfdc04ba53c8bfc02c9951375f3f5>@@V<lambda_f6c7be5f7998530c34de24c7437d6b54>@@@?$__crt_seh_guarded_call@H@@QEAAH$$QEAV<lambda_751a882b2c74d4b022dec766aa51a29a>@@AEAV<lambda_628dfdc04ba53c8bfc02c9951375f3f5>@@$$QEAV<lambda_f6c7be5f7998530c34de24c7437d6b54>@@@Z@4HA 000000018002b7a0     libucrt:close.obj
 0004:000017a0       $pdata$?fin$0@?0???$?RV<lambda_a37b2b86f63e897a80ea819b0eb08c01>@@AEAV<lambda_38ce7e780aa69e748d6df282ebc68efe>@@V<lambda_99fb1378e971ab6e7edea83e3a7a83a2>@@@?$__crt_seh_guarded_call@H@@QEAAH$$QEAV<lambda_a37b2b86f63e897a80ea819b0eb08c01>@@AEAV<lambda_38ce7e780aa69e748d6df282ebc68efe>@@$$QEAV<lambda_99fb1378e971ab6e7edea83e3a7a83a2>@@@Z@4HA 000000018002b7a0     libucrt:commit.obj
 0004:000017ac       $pdata$?fin$0@?0???$common_lseek@_J@@YA_JH_JH@Z@4HA 000000018002b7ac     libucrt:lseek.obj
 0004:000017ac       $pdata$_write$fin$0        000000018002b7ac     libucrt:write.obj
 0004:000017b8       $pdata$__acrt_update_thread_locale_data$fin$0 000000018002b7b8     libucrt:locale_refcounting.obj
 0004:000017c4       $pdata$_ctrlfp$filt$0      000000018002b7c4     libucrt:fpctrl.obj
 0004:000017d0       $pdata$_IsNonwritableInCurrentImage$filt$0 000000018002b7d0     LIBCMT:pesect.obj
 0004:000017dc       $pdata$??__FHIDPNPCallback@@YAXXZ 000000018002b7dc     hiddevice.obj
 0004:000017e8       $pdata$??__FDebugMessageCallback@@YAXXZ 000000018002b7e8     hiddevice.obj
 0004:000017f4       $pdata$??__FKeyboardDataCallback@@YAXXZ 000000018002b7f4     hiddevice.obj
 0004:00001800       $pdata$??__FAppEventCallback@@YAXXZ 000000018002b800     hiddevice.obj
 0004:0000180c       $pdata$??__Fdevice_ep3_info@@YAXXZ 000000018002b80c     hiddevice.obj
 0004:00001818       $pdata$??__FcompletionQueue@hiddevice@@YAXXZ 000000018002b818     hiddevice.obj
 0005:00000060       $R000000                   000000018002c060     * linker generated manifest res *

 Exports

  ordinal    name

        1    _register_hiddevice_
        2    hid_close
        3    hid_enumerate
        4    hid_error
        5    hid_exit
        6    hid_free_enumeration
        7    hid_get_feature_report
        8    hid_get_indexed_string
        9    hid_get_manufacturer_string
       10    hid_get_product_string
       11    hid_get_serial_number_string
       12    hid_init
       13    hid_open
       14    hid_open_path
       15    hid_read
       16    hid_read_timeout
       17    hid_send_feature_report
       18    hid_set_nonblocking
       19    hid_write
